Release 14.7 - xst P.20131013 (lin64)
Copyright (c) 1995-2013 Xilinx, Inc.  All rights reserved.
--> 
Parameter TMPDIR set to xst/projnav.tmp


Total REAL time to Xst completion: 0.00 secs
Total CPU time to Xst completion: 0.02 secs
 
--> 
Parameter xsthdpdir set to xst


Total REAL time to Xst completion: 0.00 secs
Total CPU time to Xst completion: 0.02 secs
 
--> 
Reading design: main.prj

TABLE OF CONTENTS
  1) Synthesis Options Summary
  2) HDL Parsing
  3) HDL Elaboration
  4) HDL Synthesis
       4.1) HDL Synthesis Report
  5) Advanced HDL Synthesis
       5.1) Advanced HDL Synthesis Report
  6) Low Level Synthesis
  7) Partition Report
  8) Design Summary
       8.1) Primitive and Black Box Usage
       8.2) Device utilization summary
       8.3) Partition Resource Summary
       8.4) Timing Report
            8.4.1) Clock Information
            8.4.2) Asynchronous Control Signals Information
            8.4.3) Timing Summary
            8.4.4) Timing Details
            8.4.5) Cross Clock Domains Report


=========================================================================
*                      Synthesis Options Summary                        *
=========================================================================
---- Source Parameters
Input File Name                    : "main.prj"
Ignore Synthesis Constraint File   : NO

---- Target Parameters
Output File Name                   : "main"
Output Format                      : NGC
Target Device                      : xc6slx9-3-tqg144

---- Source Options
Top Module Name                    : main
Automatic FSM Extraction           : YES
FSM Encoding Algorithm             : Auto
Safe Implementation                : No
FSM Style                          : LUT
RAM Extraction                     : Yes
RAM Style                          : Auto
ROM Extraction                     : Yes
Shift Register Extraction          : YES
ROM Style                          : Auto
Resource Sharing                   : YES
Asynchronous To Synchronous        : NO
Shift Register Minimum Size        : 2
Use DSP Block                      : Auto
Automatic Register Balancing       : No

---- Target Options
LUT Combining                      : Auto
Reduce Control Sets                : Auto
Add IO Buffers                     : YES
Global Maximum Fanout              : 100000
Add Generic Clock Buffer(BUFG)     : 16
Register Duplication               : YES
Optimize Instantiated Primitives   : NO
Use Clock Enable                   : Auto
Use Synchronous Set                : Auto
Use Synchronous Reset              : Auto
Pack IO Registers into IOBs        : Auto
Equivalent register Removal        : YES

---- General Options
Optimization Goal                  : Speed
Optimization Effort                : 1
Power Reduction                    : NO
Keep Hierarchy                     : No
Netlist Hierarchy                  : As_Optimized
RTL Output                         : Yes
Global Optimization                : AllClockNets
Read Cores                         : YES
Write Timing Constraints           : NO
Cross Clock Analysis               : NO
Hierarchy Separator                : /
Bus Delimiter                      : <>
Case Specifier                     : Maintain
Slice Utilization Ratio            : 100
BRAM Utilization Ratio             : 100
DSP48 Utilization Ratio            : 100
Auto BRAM Packing                  : NO
Slice Utilization Ratio Delta      : 5

=========================================================================


=========================================================================
*                          HDL Parsing                                  *
=========================================================================
Analyzing Verilog file "/home/phuwit/Programming/KMITL-DigitalSystemsFundamentals/MockExam/Problem1/wtb4.vf" into library work
Parsing module <wtb4>.
Analyzing Verilog file "/home/phuwit/Programming/KMITL-DigitalSystemsFundamentals/MockExam/Problem1/ssd4d09b.vf" into library work
Parsing module <M4_1E_HXILINX_ssd4d09b>.
Parsing module <D2_4E_HXILINX_ssd4d09b>.
Parsing module <CB2CE_HXILINX_ssd4d09b>.
Parsing module <ssd4d09b>.
Analyzing Verilog file "/home/phuwit/Programming/KMITL-DigitalSystemsFundamentals/MockExam/Problem1/mux2x1x4.vf" into library work
Parsing module <M2_1_HXILINX_mux2x1x4>.
Parsing module <mux2x1x4>.
Analyzing Verilog file "/home/phuwit/Programming/KMITL-DigitalSystemsFundamentals/MockExam/Problem1/clkdiv20M.vf" into library work
Parsing module <CD4CE_HXILINX_clkdiv20M>.
Parsing module <clkdiv20M>.
Analyzing Verilog file "/home/phuwit/Programming/KMITL-DigitalSystemsFundamentals/MockExam/Problem1/clkdiv20k.vf" into library work
Parsing module <CD4CE_HXILINX_clkdiv20k>.
Parsing module <clkdiv20k>.
Analyzing Verilog file "/home/phuwit/Programming/KMITL-DigitalSystemsFundamentals/MockExam/Problem1/clkdiv2.vf" into library work
Parsing module <clkdiv2>.
Analyzing Verilog file "/home/phuwit/Programming/KMITL-DigitalSystemsFundamentals/MockExam/Problem1/main.vf" into library work
Parsing module <CD4CE_HXILINX_main>.
Parsing module <M4_1E_HXILINX_main>.
Parsing module <D2_4E_HXILINX_main>.
Parsing module <M2_1_HXILINX_main>.
Parsing module <CB2CE_HXILINX_main>.
Parsing module <clkdiv2_MUSER_main>.
Parsing module <wtb4_MUSER_main>.
Parsing module <ssd4d09b_MUSER_main>.
Parsing module <mux2x1x4_MUSER_main>.
Parsing module <clkdiv20M_MUSER_main>.
Parsing module <clkdiv20k_MUSER_main>.
Parsing module <main>.

=========================================================================
*                            HDL Elaboration                            *
=========================================================================

Elaborating module <main>.

Elaborating module <clkdiv20M_MUSER_main>.

Elaborating module <CD4CE_HXILINX_main>.
WARNING:HDLCompiler:413 - "/home/phuwit/Programming/KMITL-DigitalSystemsFundamentals/MockExam/Problem1/main.vf" Line 60: Result of 5-bit expression is truncated to fit in 4-bit target.

Elaborating module <VCC>.

Elaborating module <GND>.

Elaborating module <FD_1(INIT=1'b0)>.

Elaborating module <INV>.

Elaborating module <ssd4d09b_MUSER_main>.

Elaborating module <AND2>.

Elaborating module <OR2>.

Elaborating module <NOR2>.

Elaborating module <NAND2>.

Elaborating module <NAND3>.

Elaborating module <CB2CE_HXILINX_main>.
WARNING:HDLCompiler:413 - "/home/phuwit/Programming/KMITL-DigitalSystemsFundamentals/MockExam/Problem1/main.vf" Line 181: Result of 3-bit expression is truncated to fit in 2-bit target.

Elaborating module <M4_1E_HXILINX_main>.

Elaborating module <D2_4E_HXILINX_main>.

Elaborating module <mux2x1x4_MUSER_main>.

Elaborating module <M2_1_HXILINX_main>.

Elaborating module <clkdiv20k_MUSER_main>.

Elaborating module <wtb4_MUSER_main>.

Elaborating module <BUF>.

Elaborating module <clkdiv2_MUSER_main>.

=========================================================================
*                           HDL Synthesis                               *
=========================================================================

Synthesizing Unit <main>.
    Related source file is "/home/phuwit/Programming/KMITL-DigitalSystemsFundamentals/MockExam/Problem1/main.vf".
    Summary:
	no macro.
Unit <main> synthesized.

Synthesizing Unit <clkdiv20M_MUSER_main>.
    Related source file is "/home/phuwit/Programming/KMITL-DigitalSystemsFundamentals/MockExam/Problem1/main.vf".
    Set property "HU_SET = XLXI_1_31" for instance <XLXI_1>.
    Set property "HU_SET = XLXI_14_32" for instance <XLXI_14>.
    Set property "HU_SET = XLXI_17_33" for instance <XLXI_17>.
    Set property "HU_SET = XLXI_22_34" for instance <XLXI_22>.
    Set property "HU_SET = XLXI_25_35" for instance <XLXI_25>.
    Set property "HU_SET = XLXI_28_36" for instance <XLXI_28>.
    Set property "HU_SET = XLXI_31_37" for instance <XLXI_31>.
INFO:Xst:3210 - "/home/phuwit/Programming/KMITL-DigitalSystemsFundamentals/MockExam/Problem1/main.vf" line 460: Output port <Q0> of the instance <XLXI_1> is unconnected or connected to loadless signal.
INFO:Xst:3210 - "/home/phuwit/Programming/KMITL-DigitalSystemsFundamentals/MockExam/Problem1/main.vf" line 460: Output port <Q1> of the instance <XLXI_1> is unconnected or connected to loadless signal.
INFO:Xst:3210 - "/home/phuwit/Programming/KMITL-DigitalSystemsFundamentals/MockExam/Problem1/main.vf" line 460: Output port <Q2> of the instance <XLXI_1> is unconnected or connected to loadless signal.
INFO:Xst:3210 - "/home/phuwit/Programming/KMITL-DigitalSystemsFundamentals/MockExam/Problem1/main.vf" line 460: Output port <Q3> of the instance <XLXI_1> is unconnected or connected to loadless signal.
INFO:Xst:3210 - "/home/phuwit/Programming/KMITL-DigitalSystemsFundamentals/MockExam/Problem1/main.vf" line 460: Output port <TC> of the instance <XLXI_1> is unconnected or connected to loadless signal.
INFO:Xst:3210 - "/home/phuwit/Programming/KMITL-DigitalSystemsFundamentals/MockExam/Problem1/main.vf" line 477: Output port <Q0> of the instance <XLXI_14> is unconnected or connected to loadless signal.
INFO:Xst:3210 - "/home/phuwit/Programming/KMITL-DigitalSystemsFundamentals/MockExam/Problem1/main.vf" line 477: Output port <Q1> of the instance <XLXI_14> is unconnected or connected to loadless signal.
INFO:Xst:3210 - "/home/phuwit/Programming/KMITL-DigitalSystemsFundamentals/MockExam/Problem1/main.vf" line 477: Output port <Q2> of the instance <XLXI_14> is unconnected or connected to loadless signal.
INFO:Xst:3210 - "/home/phuwit/Programming/KMITL-DigitalSystemsFundamentals/MockExam/Problem1/main.vf" line 477: Output port <Q3> of the instance <XLXI_14> is unconnected or connected to loadless signal.
INFO:Xst:3210 - "/home/phuwit/Programming/KMITL-DigitalSystemsFundamentals/MockExam/Problem1/main.vf" line 477: Output port <TC> of the instance <XLXI_14> is unconnected or connected to loadless signal.
INFO:Xst:3210 - "/home/phuwit/Programming/KMITL-DigitalSystemsFundamentals/MockExam/Problem1/main.vf" line 487: Output port <Q0> of the instance <XLXI_17> is unconnected or connected to loadless signal.
INFO:Xst:3210 - "/home/phuwit/Programming/KMITL-DigitalSystemsFundamentals/MockExam/Problem1/main.vf" line 487: Output port <Q1> of the instance <XLXI_17> is unconnected or connected to loadless signal.
INFO:Xst:3210 - "/home/phuwit/Programming/KMITL-DigitalSystemsFundamentals/MockExam/Problem1/main.vf" line 487: Output port <Q2> of the instance <XLXI_17> is unconnected or connected to loadless signal.
INFO:Xst:3210 - "/home/phuwit/Programming/KMITL-DigitalSystemsFundamentals/MockExam/Problem1/main.vf" line 487: Output port <Q3> of the instance <XLXI_17> is unconnected or connected to loadless signal.
INFO:Xst:3210 - "/home/phuwit/Programming/KMITL-DigitalSystemsFundamentals/MockExam/Problem1/main.vf" line 487: Output port <TC> of the instance <XLXI_17> is unconnected or connected to loadless signal.
INFO:Xst:3210 - "/home/phuwit/Programming/KMITL-DigitalSystemsFundamentals/MockExam/Problem1/main.vf" line 497: Output port <Q0> of the instance <XLXI_22> is unconnected or connected to loadless signal.
INFO:Xst:3210 - "/home/phuwit/Programming/KMITL-DigitalSystemsFundamentals/MockExam/Problem1/main.vf" line 497: Output port <Q1> of the instance <XLXI_22> is unconnected or connected to loadless signal.
INFO:Xst:3210 - "/home/phuwit/Programming/KMITL-DigitalSystemsFundamentals/MockExam/Problem1/main.vf" line 497: Output port <Q2> of the instance <XLXI_22> is unconnected or connected to loadless signal.
INFO:Xst:3210 - "/home/phuwit/Programming/KMITL-DigitalSystemsFundamentals/MockExam/Problem1/main.vf" line 497: Output port <Q3> of the instance <XLXI_22> is unconnected or connected to loadless signal.
INFO:Xst:3210 - "/home/phuwit/Programming/KMITL-DigitalSystemsFundamentals/MockExam/Problem1/main.vf" line 497: Output port <TC> of the instance <XLXI_22> is unconnected or connected to loadless signal.
INFO:Xst:3210 - "/home/phuwit/Programming/KMITL-DigitalSystemsFundamentals/MockExam/Problem1/main.vf" line 507: Output port <Q0> of the instance <XLXI_25> is unconnected or connected to loadless signal.
INFO:Xst:3210 - "/home/phuwit/Programming/KMITL-DigitalSystemsFundamentals/MockExam/Problem1/main.vf" line 507: Output port <Q1> of the instance <XLXI_25> is unconnected or connected to loadless signal.
INFO:Xst:3210 - "/home/phuwit/Programming/KMITL-DigitalSystemsFundamentals/MockExam/Problem1/main.vf" line 507: Output port <Q2> of the instance <XLXI_25> is unconnected or connected to loadless signal.
INFO:Xst:3210 - "/home/phuwit/Programming/KMITL-DigitalSystemsFundamentals/MockExam/Problem1/main.vf" line 507: Output port <Q3> of the instance <XLXI_25> is unconnected or connected to loadless signal.
INFO:Xst:3210 - "/home/phuwit/Programming/KMITL-DigitalSystemsFundamentals/MockExam/Problem1/main.vf" line 507: Output port <TC> of the instance <XLXI_25> is unconnected or connected to loadless signal.
INFO:Xst:3210 - "/home/phuwit/Programming/KMITL-DigitalSystemsFundamentals/MockExam/Problem1/main.vf" line 517: Output port <Q0> of the instance <XLXI_28> is unconnected or connected to loadless signal.
INFO:Xst:3210 - "/home/phuwit/Programming/KMITL-DigitalSystemsFundamentals/MockExam/Problem1/main.vf" line 517: Output port <Q1> of the instance <XLXI_28> is unconnected or connected to loadless signal.
INFO:Xst:3210 - "/home/phuwit/Programming/KMITL-DigitalSystemsFundamentals/MockExam/Problem1/main.vf" line 517: Output port <Q2> of the instance <XLXI_28> is unconnected or connected to loadless signal.
INFO:Xst:3210 - "/home/phuwit/Programming/KMITL-DigitalSystemsFundamentals/MockExam/Problem1/main.vf" line 517: Output port <Q3> of the instance <XLXI_28> is unconnected or connected to loadless signal.
INFO:Xst:3210 - "/home/phuwit/Programming/KMITL-DigitalSystemsFundamentals/MockExam/Problem1/main.vf" line 517: Output port <TC> of the instance <XLXI_28> is unconnected or connected to loadless signal.
INFO:Xst:3210 - "/home/phuwit/Programming/KMITL-DigitalSystemsFundamentals/MockExam/Problem1/main.vf" line 527: Output port <CEO> of the instance <XLXI_31> is unconnected or connected to loadless signal.
INFO:Xst:3210 - "/home/phuwit/Programming/KMITL-DigitalSystemsFundamentals/MockExam/Problem1/main.vf" line 527: Output port <Q0> of the instance <XLXI_31> is unconnected or connected to loadless signal.
INFO:Xst:3210 - "/home/phuwit/Programming/KMITL-DigitalSystemsFundamentals/MockExam/Problem1/main.vf" line 527: Output port <Q1> of the instance <XLXI_31> is unconnected or connected to loadless signal.
INFO:Xst:3210 - "/home/phuwit/Programming/KMITL-DigitalSystemsFundamentals/MockExam/Problem1/main.vf" line 527: Output port <Q2> of the instance <XLXI_31> is unconnected or connected to loadless signal.
INFO:Xst:3210 - "/home/phuwit/Programming/KMITL-DigitalSystemsFundamentals/MockExam/Problem1/main.vf" line 527: Output port <Q3> of the instance <XLXI_31> is unconnected or connected to loadless signal.
    Summary:
	no macro.
Unit <clkdiv20M_MUSER_main> synthesized.

Synthesizing Unit <CD4CE_HXILINX_main>.
    Related source file is "/home/phuwit/Programming/KMITL-DigitalSystemsFundamentals/MockExam/Problem1/main.vf".
        TERMINAL_COUNT = 4'b1001
    Found 1-bit register for signal <Q1>.
    Found 1-bit register for signal <Q2>.
    Found 1-bit register for signal <Q3>.
    Found 1-bit register for signal <Q0>.
    Found 4-bit adder for signal <Q3_GND_3_o_add_4_OUT> created at line 60.
    Summary:
	inferred   1 Adder/Subtractor(s).
	inferred   4 D-type flip-flop(s).
	inferred   7 Multiplexer(s).
Unit <CD4CE_HXILINX_main> synthesized.

Synthesizing Unit <ssd4d09b_MUSER_main>.
    Related source file is "/home/phuwit/Programming/KMITL-DigitalSystemsFundamentals/MockExam/Problem1/main.vf".
    Set property "HU_SET = XLXI_162_25" for instance <XLXI_162>.
    Set property "HU_SET = XLXI_183_21" for instance <XLXI_183>.
    Set property "HU_SET = XLXI_184_22" for instance <XLXI_184>.
    Set property "HU_SET = XLXI_185_23" for instance <XLXI_185>.
    Set property "HU_SET = XLXI_186_24" for instance <XLXI_186>.
    Set property "HU_SET = XLXI_210_26" for instance <XLXI_210>.
INFO:Xst:3210 - "/home/phuwit/Programming/KMITL-DigitalSystemsFundamentals/MockExam/Problem1/main.vf" line 340: Output port <CEO> of the instance <XLXI_162> is unconnected or connected to loadless signal.
INFO:Xst:3210 - "/home/phuwit/Programming/KMITL-DigitalSystemsFundamentals/MockExam/Problem1/main.vf" line 340: Output port <TC> of the instance <XLXI_162> is unconnected or connected to loadless signal.
    Summary:
	no macro.
Unit <ssd4d09b_MUSER_main> synthesized.

Synthesizing Unit <CB2CE_HXILINX_main>.
    Related source file is "/home/phuwit/Programming/KMITL-DigitalSystemsFundamentals/MockExam/Problem1/main.vf".
    Found 1-bit register for signal <Q1>.
    Found 1-bit register for signal <Q0>.
    Found 2-bit adder for signal <Q1_GND_14_o_add_0_OUT> created at line 181.
    Summary:
	inferred   1 Adder/Subtractor(s).
	inferred   2 D-type flip-flop(s).
Unit <CB2CE_HXILINX_main> synthesized.

Synthesizing Unit <M4_1E_HXILINX_main>.
    Related source file is "/home/phuwit/Programming/KMITL-DigitalSystemsFundamentals/MockExam/Problem1/main.vf".
    Found 1-bit 4-to-1 multiplexer for signal <S1_D3_Mux_0_o> created at line 91.
    Summary:
	inferred   2 Multiplexer(s).
Unit <M4_1E_HXILINX_main> synthesized.

Synthesizing Unit <D2_4E_HXILINX_main>.
    Related source file is "/home/phuwit/Programming/KMITL-DigitalSystemsFundamentals/MockExam/Problem1/main.vf".
    Summary:
	inferred   4 Multiplexer(s).
Unit <D2_4E_HXILINX_main> synthesized.

Synthesizing Unit <mux2x1x4_MUSER_main>.
    Related source file is "/home/phuwit/Programming/KMITL-DigitalSystemsFundamentals/MockExam/Problem1/main.vf".
    Set property "HU_SET = XLXI_144_27" for instance <XLXI_144>.
    Set property "HU_SET = XLXI_145_28" for instance <XLXI_145>.
    Set property "HU_SET = XLXI_146_29" for instance <XLXI_146>.
    Set property "HU_SET = XLXI_147_30" for instance <XLXI_147>.
    Summary:
	no macro.
Unit <mux2x1x4_MUSER_main> synthesized.

Synthesizing Unit <M2_1_HXILINX_main>.
    Related source file is "/home/phuwit/Programming/KMITL-DigitalSystemsFundamentals/MockExam/Problem1/main.vf".
    Summary:
	inferred   1 Multiplexer(s).
Unit <M2_1_HXILINX_main> synthesized.

Synthesizing Unit <clkdiv20k_MUSER_main>.
    Related source file is "/home/phuwit/Programming/KMITL-DigitalSystemsFundamentals/MockExam/Problem1/main.vf".
    Set property "HU_SET = XLXI_1_38" for instance <XLXI_1>.
    Set property "HU_SET = XLXI_14_39" for instance <XLXI_14>.
    Set property "HU_SET = XLXI_17_40" for instance <XLXI_17>.
    Set property "HU_SET = XLXI_22_41" for instance <XLXI_22>.
INFO:Xst:3210 - "/home/phuwit/Programming/KMITL-DigitalSystemsFundamentals/MockExam/Problem1/main.vf" line 559: Output port <Q0> of the instance <XLXI_1> is unconnected or connected to loadless signal.
INFO:Xst:3210 - "/home/phuwit/Programming/KMITL-DigitalSystemsFundamentals/MockExam/Problem1/main.vf" line 559: Output port <Q1> of the instance <XLXI_1> is unconnected or connected to loadless signal.
INFO:Xst:3210 - "/home/phuwit/Programming/KMITL-DigitalSystemsFundamentals/MockExam/Problem1/main.vf" line 559: Output port <Q2> of the instance <XLXI_1> is unconnected or connected to loadless signal.
INFO:Xst:3210 - "/home/phuwit/Programming/KMITL-DigitalSystemsFundamentals/MockExam/Problem1/main.vf" line 559: Output port <Q3> of the instance <XLXI_1> is unconnected or connected to loadless signal.
INFO:Xst:3210 - "/home/phuwit/Programming/KMITL-DigitalSystemsFundamentals/MockExam/Problem1/main.vf" line 559: Output port <TC> of the instance <XLXI_1> is unconnected or connected to loadless signal.
INFO:Xst:3210 - "/home/phuwit/Programming/KMITL-DigitalSystemsFundamentals/MockExam/Problem1/main.vf" line 576: Output port <Q0> of the instance <XLXI_14> is unconnected or connected to loadless signal.
INFO:Xst:3210 - "/home/phuwit/Programming/KMITL-DigitalSystemsFundamentals/MockExam/Problem1/main.vf" line 576: Output port <Q1> of the instance <XLXI_14> is unconnected or connected to loadless signal.
INFO:Xst:3210 - "/home/phuwit/Programming/KMITL-DigitalSystemsFundamentals/MockExam/Problem1/main.vf" line 576: Output port <Q2> of the instance <XLXI_14> is unconnected or connected to loadless signal.
INFO:Xst:3210 - "/home/phuwit/Programming/KMITL-DigitalSystemsFundamentals/MockExam/Problem1/main.vf" line 576: Output port <Q3> of the instance <XLXI_14> is unconnected or connected to loadless signal.
INFO:Xst:3210 - "/home/phuwit/Programming/KMITL-DigitalSystemsFundamentals/MockExam/Problem1/main.vf" line 576: Output port <TC> of the instance <XLXI_14> is unconnected or connected to loadless signal.
INFO:Xst:3210 - "/home/phuwit/Programming/KMITL-DigitalSystemsFundamentals/MockExam/Problem1/main.vf" line 586: Output port <Q0> of the instance <XLXI_17> is unconnected or connected to loadless signal.
INFO:Xst:3210 - "/home/phuwit/Programming/KMITL-DigitalSystemsFundamentals/MockExam/Problem1/main.vf" line 586: Output port <Q1> of the instance <XLXI_17> is unconnected or connected to loadless signal.
INFO:Xst:3210 - "/home/phuwit/Programming/KMITL-DigitalSystemsFundamentals/MockExam/Problem1/main.vf" line 586: Output port <Q2> of the instance <XLXI_17> is unconnected or connected to loadless signal.
INFO:Xst:3210 - "/home/phuwit/Programming/KMITL-DigitalSystemsFundamentals/MockExam/Problem1/main.vf" line 586: Output port <Q3> of the instance <XLXI_17> is unconnected or connected to loadless signal.
INFO:Xst:3210 - "/home/phuwit/Programming/KMITL-DigitalSystemsFundamentals/MockExam/Problem1/main.vf" line 586: Output port <TC> of the instance <XLXI_17> is unconnected or connected to loadless signal.
INFO:Xst:3210 - "/home/phuwit/Programming/KMITL-DigitalSystemsFundamentals/MockExam/Problem1/main.vf" line 596: Output port <CEO> of the instance <XLXI_22> is unconnected or connected to loadless signal.
INFO:Xst:3210 - "/home/phuwit/Programming/KMITL-DigitalSystemsFundamentals/MockExam/Problem1/main.vf" line 596: Output port <Q0> of the instance <XLXI_22> is unconnected or connected to loadless signal.
INFO:Xst:3210 - "/home/phuwit/Programming/KMITL-DigitalSystemsFundamentals/MockExam/Problem1/main.vf" line 596: Output port <Q1> of the instance <XLXI_22> is unconnected or connected to loadless signal.
INFO:Xst:3210 - "/home/phuwit/Programming/KMITL-DigitalSystemsFundamentals/MockExam/Problem1/main.vf" line 596: Output port <Q2> of the instance <XLXI_22> is unconnected or connected to loadless signal.
INFO:Xst:3210 - "/home/phuwit/Programming/KMITL-DigitalSystemsFundamentals/MockExam/Problem1/main.vf" line 596: Output port <Q3> of the instance <XLXI_22> is unconnected or connected to loadless signal.
    Summary:
	no macro.
Unit <clkdiv20k_MUSER_main> synthesized.

Synthesizing Unit <wtb4_MUSER_main>.
    Related source file is "/home/phuwit/Programming/KMITL-DigitalSystemsFundamentals/MockExam/Problem1/main.vf".
    Summary:
	no macro.
Unit <wtb4_MUSER_main> synthesized.

Synthesizing Unit <clkdiv2_MUSER_main>.
    Related source file is "/home/phuwit/Programming/KMITL-DigitalSystemsFundamentals/MockExam/Problem1/main.vf".
    Summary:
	no macro.
Unit <clkdiv2_MUSER_main> synthesized.

=========================================================================
HDL Synthesis Report

Macro Statistics
# Adders/Subtractors                                   : 12
 2-bit adder                                           : 1
 4-bit adder                                           : 11
# Registers                                            : 46
 1-bit register                                        : 46
# Multiplexers                                         : 105
 1-bit 2-to-1 multiplexer                              : 101
 1-bit 4-to-1 multiplexer                              : 4

=========================================================================

=========================================================================
*                       Advanced HDL Synthesis                          *
=========================================================================


=========================================================================
Advanced HDL Synthesis Report

Macro Statistics
# Adders/Subtractors                                   : 12
 2-bit adder                                           : 1
 4-bit adder                                           : 11
# Registers                                            : 49
 Flip-Flops                                            : 49
# Multiplexers                                         : 89
 1-bit 2-to-1 multiplexer                              : 85
 1-bit 4-to-1 multiplexer                              : 4

=========================================================================

=========================================================================
*                         Low Level Synthesis                           *
=========================================================================

Optimizing unit <ssd4d09b_MUSER_main> ...

Optimizing unit <XLXI_10/XLXI_144> ...

Optimizing unit <XLXI_10/XLXI_145> ...

Optimizing unit <XLXI_10/XLXI_146> ...

Optimizing unit <XLXI_10/XLXI_147> ...

Optimizing unit <XLXI_9/XLXI_144> ...

Optimizing unit <XLXI_9/XLXI_145> ...

Optimizing unit <XLXI_9/XLXI_146> ...

Optimizing unit <XLXI_9/XLXI_147> ...

Optimizing unit <XLXI_8/XLXI_144> ...

Optimizing unit <XLXI_8/XLXI_145> ...

Optimizing unit <XLXI_8/XLXI_146> ...

Optimizing unit <XLXI_8/XLXI_147> ...

Optimizing unit <XLXI_7/XLXI_144> ...

Optimizing unit <XLXI_7/XLXI_145> ...

Optimizing unit <XLXI_7/XLXI_146> ...

Optimizing unit <XLXI_7/XLXI_147> ...

Optimizing unit <main> ...

Optimizing unit <CD4CE_HXILINX_main> ...

Optimizing unit <CB2CE_HXILINX_main> ...

Optimizing unit <M4_1E_HXILINX_main> ...

Optimizing unit <D2_4E_HXILINX_main> ...

Mapping all equations...
Building and optimizing final netlist ...
Found area constraint ratio of 100 (+ 5) on block main, actual ratio is 0.

Final Macro Processing ...

=========================================================================
Final Register Report

Macro Statistics
# Registers                                            : 49
 Flip-Flops                                            : 49

=========================================================================

=========================================================================
*                           Partition Report                            *
=========================================================================

Partition Implementation Status
-------------------------------

  No Partitions were found in this design.

-------------------------------

=========================================================================
*                            Design Summary                             *
=========================================================================

Top Level Output File Name         : main.ngc

Primitive and Black Box Usage:
------------------------------
# BELS                             : 137
#      AND2                        : 3
#      BUF                         : 32
#      GND                         : 1
#      INV                         : 24
#      LUT2                        : 5
#      LUT3                        : 38
#      LUT4                        : 15
#      LUT5                        : 7
#      LUT6                        : 4
#      OR2                         : 7
#      VCC                         : 1
# FlipFlops/Latches                : 49
#      FD_1                        : 3
#      FDCE                        : 46
# Clock Buffers                    : 1
#      BUFGP                       : 1
# IO Buffers                       : 11
#      OBUF                        : 11
# Logical                          : 8
#      NAND2                       : 2
#      NAND3                       : 2
#      NOR2                        : 4

Device utilization summary:
---------------------------

Selected Device : 6slx9tqg144-3 


Slice Logic Utilization: 
 Number of Slice Registers:              49  out of  11440     0%  
 Number of Slice LUTs:                   93  out of   5720     1%  
    Number used as Logic:                93  out of   5720     1%  

Slice Logic Distribution: 
 Number of LUT Flip Flop pairs used:    142
   Number with an unused Flip Flop:      93  out of    142    65%  
   Number with an unused LUT:            49  out of    142    34%  
   Number of fully used LUT-FF pairs:     0  out of    142     0%  
   Number of unique control sets:        15

IO Utilization: 
 Number of IOs:                          12
 Number of bonded IOBs:                  12  out of    102    11%  

Specific Feature Utilization:
 Number of BUFG/BUFGCTRLs:                1  out of     16     6%  

---------------------------
Partition Resource Summary:
---------------------------

  No Partitions were found in this design.

---------------------------


=========================================================================
Timing Report

NOTE: THESE TIMING NUMBERS ARE ONLY A SYNTHESIS ESTIMATE.
      FOR ACCURATE TIMING INFORMATION PLEASE REFER TO THE TRACE REPORT
      GENERATED AFTER PLACE-and-ROUTE.

Clock Information:
------------------
-----------------------------------------------+-------------------------+-------+
Clock Signal                                   | Clock buffer(FF name)   | Load  |
-----------------------------------------------+-------------------------+-------+
XLXI_1/XLXI_31/TC(XLXI_1/XLXI_31/Mmux_TC11:O)  | NONE(*)(XLXI_1/XLXI_9)  | 1     |
XLXI_11/XLXI_22/TC(XLXI_11/XLXI_22/Mmux_TC11:O)| NONE(*)(XLXI_11/XLXI_10)| 1     |
XLXN_113                                       | NONE(XLXI_108/XLXI_17)  | 1     |
OSC                                            | BUFGP                   | 44    |
XLXN_14                                        | NONE(XLXI_2/XLXI_162/Q0)| 2     |
-----------------------------------------------+-------------------------+-------+
(*) These 2 clock signal(s) are generated by combinatorial logic,
and XST is not able to identify which are the primary clock signals.
Please use the CLOCK_SIGNAL constraint to specify the clock signal(s) generated by combinatorial logic.
INFO:Xst:2169 - HDL ADVISOR - Some clock signals were not automatically buffered by XST with BUFG/BUFR resources. Please use the buffer_type constraint in order to insert these buffers to the clock signals to help prevent skew problems.

Asynchronous Control Signals Information:
----------------------------------------
No asynchronous control signals found in this design

Timing Summary:
---------------
Speed Grade: -3

   Minimum period: 7.153ns (Maximum Frequency: 139.805MHz)
   Minimum input arrival time before clock: No path found
   Maximum output required time after clock: 16.930ns
   Maximum combinational path delay: No path found

Timing Details:
---------------
All values displayed in nanoseconds (ns)

=========================================================================
Timing constraint: Default period analysis for Clock 'XLXI_1/XLXI_31/TC'
  Clock period: 2.312ns (frequency: 432.507MHz)
  Total number of paths / destination ports: 1 / 1
-------------------------------------------------------------------------
Delay:               2.312ns (Levels of Logic = 1)
  Source:            XLXI_1/XLXI_9 (FF)
  Destination:       XLXI_1/XLXI_9 (FF)
  Source Clock:      XLXI_1/XLXI_31/TC falling
  Destination Clock: XLXI_1/XLXI_31/TC falling

  Data Path: XLXI_1/XLXI_9 to XLXI_1/XLXI_9
                                Gate     Net
    Cell:in->out      fanout   Delay   Delay  Logical Name (Net Name)
    ----------------------------------------  ------------
     FD_1:C->Q             2   0.447   0.616  XLXI_1/XLXI_9 (XLXN_113)
     INV:I->O              1   0.568   0.579  XLXI_1/XLXI_11 (XLXI_1/XLXN_9)
     FD_1:D                    0.102          XLXI_1/XLXI_9
    ----------------------------------------
    Total                      2.312ns (1.117ns logic, 1.195ns route)
                                       (48.3% logic, 51.7% route)

=========================================================================
Timing constraint: Default period analysis for Clock 'XLXI_11/XLXI_22/TC'
  Clock period: 2.346ns (frequency: 426.239MHz)
  Total number of paths / destination ports: 1 / 1
-------------------------------------------------------------------------
Delay:               2.346ns (Levels of Logic = 1)
  Source:            XLXI_11/XLXI_10 (FF)
  Destination:       XLXI_11/XLXI_10 (FF)
  Source Clock:      XLXI_11/XLXI_22/TC falling
  Destination Clock: XLXI_11/XLXI_22/TC falling

  Data Path: XLXI_11/XLXI_10 to XLXI_11/XLXI_10
                                Gate     Net
    Cell:in->out      fanout   Delay   Delay  Logical Name (Net Name)
    ----------------------------------------  ------------
     FD_1:C->Q             3   0.447   0.650  XLXI_11/XLXI_10 (XLXN_14)
     INV:I->O              1   0.568   0.579  XLXI_11/XLXI_11 (XLXI_11/XLXN_11)
     FD_1:D                    0.102          XLXI_11/XLXI_10
    ----------------------------------------
    Total                      2.346ns (1.117ns logic, 1.229ns route)
                                       (47.6% logic, 52.4% route)

=========================================================================
Timing constraint: Default period analysis for Clock 'XLXN_113'
  Clock period: 2.723ns (frequency: 367.289MHz)
  Total number of paths / destination ports: 1 / 1
-------------------------------------------------------------------------
Delay:               2.723ns (Levels of Logic = 1)
  Source:            XLXI_108/XLXI_17 (FF)
  Destination:       XLXI_108/XLXI_17 (FF)
  Source Clock:      XLXN_113 falling
  Destination Clock: XLXN_113 falling

  Data Path: XLXI_108/XLXI_17 to XLXI_108/XLXI_17
                                Gate     Net
    Cell:in->out      fanout   Delay   Delay  Logical Name (Net Name)
    ----------------------------------------  ------------
     FD_1:C->Q            17   0.447   1.027  XLXI_108/XLXI_17 (XLXN_114)
     INV:I->O              1   0.568   0.579  XLXI_108/XLXI_18 (XLXI_108/XLXN_27)
     FD_1:D                    0.102          XLXI_108/XLXI_17
    ----------------------------------------
    Total                      2.723ns (1.117ns logic, 1.606ns route)
                                       (41.0% logic, 59.0% route)

=========================================================================
Timing constraint: Default period analysis for Clock 'OSC'
  Clock period: 7.153ns (frequency: 139.805MHz)
  Total number of paths / destination ports: 553 / 80
-------------------------------------------------------------------------
Delay:               7.153ns (Levels of Logic = 12)
  Source:            XLXI_1/XLXI_1/Q3 (FF)
  Destination:       XLXI_1/XLXI_31/Q3 (FF)
  Source Clock:      OSC falling
  Destination Clock: OSC falling

  Data Path: XLXI_1/XLXI_1/Q3 to XLXI_1/XLXI_31/Q3
                                Gate     Net
    Cell:in->out      fanout   Delay   Delay  Logical Name (Net Name)
    ----------------------------------------  ------------
     FDCE:C->Q             3   0.447   0.898  Q3 (Q3)
     LUT4:I0->O            5   0.203   0.715  Mmux_TC11 (TC)
     end scope: 'XLXI_1/XLXI_1:CEO'
     begin scope: 'XLXI_1/XLXI_14:CE'
     LUT5:I4->O            5   0.205   0.715  CEO1 (CEO)
     end scope: 'XLXI_1/XLXI_14:CEO'
     begin scope: 'XLXI_1/XLXI_17:CE'
     LUT5:I4->O            5   0.205   0.715  CEO1 (CEO)
     end scope: 'XLXI_1/XLXI_17:CEO'
     begin scope: 'XLXI_1/XLXI_22:CE'
     LUT5:I4->O            5   0.205   0.715  CEO1 (CEO)
     end scope: 'XLXI_1/XLXI_22:CEO'
     begin scope: 'XLXI_1/XLXI_25:CE'
     LUT5:I4->O            5   0.205   0.715  CEO1 (CEO)
     end scope: 'XLXI_1/XLXI_25:CEO'
     begin scope: 'XLXI_1/XLXI_28:CE'
     LUT5:I4->O            4   0.205   0.683  CEO1 (CEO)
     end scope: 'XLXI_1/XLXI_28:CEO'
     begin scope: 'XLXI_1/XLXI_31:CE'
     FDCE:CE                   0.322          Q3
    ----------------------------------------
    Total                      7.153ns (1.997ns logic, 5.156ns route)
                                       (27.9% logic, 72.1% route)

=========================================================================
Timing constraint: Default period analysis for Clock 'XLXN_14'
  Clock period: 2.190ns (frequency: 456.663MHz)
  Total number of paths / destination ports: 3 / 2
-------------------------------------------------------------------------
Delay:               2.190ns (Levels of Logic = 1)
  Source:            XLXI_2/XLXI_162/Q0 (FF)
  Destination:       XLXI_2/XLXI_162/Q0 (FF)
  Source Clock:      XLXN_14 rising
  Destination Clock: XLXN_14 rising

  Data Path: XLXI_2/XLXI_162/Q0 to XLXI_2/XLXI_162/Q0
                                Gate     Net
    Cell:in->out      fanout   Delay   Delay  Logical Name (Net Name)
    ----------------------------------------  ------------
     FDCE:C->Q            10   0.447   0.856  Q0 (Q0)
     INV:I->O              1   0.206   0.579  Madd_Q1_GND_14_o_add_0_OUT_xor<0>11_INV_0 (Q1_GND_14_o_add_0_OUT<0>)
     FDCE:D                    0.102          Q0
    ----------------------------------------
    Total                      2.190ns (0.755ns logic, 1.435ns route)
                                       (34.5% logic, 65.5% route)

=========================================================================
Timing constraint: Default OFFSET OUT AFTER for Clock 'XLXN_14'
  Total number of paths / destination ports: 156 / 11
-------------------------------------------------------------------------
Offset:              15.767ns (Levels of Logic = 13)
  Source:            XLXI_2/XLXI_162/Q0 (FF)
  Destination:       SSD_Segment<6> (PAD)
  Source Clock:      XLXN_14 rising

  Data Path: XLXI_2/XLXI_162/Q0 to SSD_Segment<6>
                                Gate     Net
    Cell:in->out      fanout   Delay   Delay  Logical Name (Net Name)
    ----------------------------------------  ------------
     FDCE:C->Q            10   0.447   1.221  Q0 (Q0)
     end scope: 'XLXI_2/XLXI_162:Q0'
     begin scope: 'XLXI_2/XLXI_184:S0'
     LUT6:I0->O            5   0.203   0.714  Mmux_O11 (O)
     end scope: 'XLXI_2/XLXI_184:O'
     INV:I->O              2   0.568   0.981  XLXI_2/XLXI_93 (XLXI_2/XLXN_109)
     AND2:I0->O            1   0.203   0.924  XLXI_2/XLXI_97 (XLXI_2/XLXN_114)
     OR2:I1->O             3   0.223   1.015  XLXI_2/XLXI_100 (XLXI_2/XLXN_117)
     NAND2:I0->O           1   0.203   0.924  XLXI_2/XLXI_102 (XLXI_2/XLXN_119)
     NAND3:I1->O           3   0.223   0.995  XLXI_2/XLXI_103 (SSD_Segment_1_OBUF)
     NOR2:I1->O            1   0.223   0.944  XLXI_2/XLXI_105 (XLXI_2/XLXN_125)
     OR2:I0->O             3   0.203   0.995  XLXI_2/XLXI_106 (XLXI_2/XLXN_130)
     OR2:I1->O             2   0.223   0.961  XLXI_2/XLXI_107 (XLXI_2/XLXN_134)
     OR2:I1->O             1   0.223   0.579  XLXI_2/XLXI_109 (SSD_Segment_6_OBUF)
     OBUF:I->O                 2.571          SSD_Segment_6_OBUF (SSD_Segment<6>)
    ----------------------------------------
    Total                     15.767ns (5.513ns logic, 10.254ns route)
                                       (35.0% logic, 65.0% route)

=========================================================================
Timing constraint: Default OFFSET OUT AFTER for Clock 'XLXN_113'
  Total number of paths / destination ports: 296 / 7
-------------------------------------------------------------------------
Offset:              16.930ns (Levels of Logic = 14)
  Source:            XLXI_108/XLXI_17 (FF)
  Destination:       SSD_Segment<6> (PAD)
  Source Clock:      XLXN_113 falling

  Data Path: XLXI_108/XLXI_17 to SSD_Segment<6>
                                Gate     Net
    Cell:in->out      fanout   Delay   Delay  Logical Name (Net Name)
    ----------------------------------------  ------------
     FD_1:C->Q            17   0.447   1.256  XLXI_108/XLXI_17 (XLXN_114)
     begin scope: 'XLXI_10/XLXI_145:S0'
     LUT3:I0->O            1   0.205   0.924  Mmux_O11 (O)
     end scope: 'XLXI_10/XLXI_145:O'
     begin scope: 'XLXI_2/XLXI_184:D3'
     LUT6:I1->O            5   0.203   0.714  Mmux_O11 (O)
     end scope: 'XLXI_2/XLXI_184:O'
     INV:I->O              2   0.568   0.981  XLXI_2/XLXI_93 (XLXI_2/XLXN_109)
     AND2:I0->O            1   0.203   0.924  XLXI_2/XLXI_97 (XLXI_2/XLXN_114)
     OR2:I1->O             3   0.223   1.015  XLXI_2/XLXI_100 (XLXI_2/XLXN_117)
     NAND2:I0->O           1   0.203   0.924  XLXI_2/XLXI_102 (XLXI_2/XLXN_119)
     NAND3:I1->O           3   0.223   0.995  XLXI_2/XLXI_103 (SSD_Segment_1_OBUF)
     NOR2:I1->O            1   0.223   0.944  XLXI_2/XLXI_105 (XLXI_2/XLXN_125)
     OR2:I0->O             3   0.203   0.995  XLXI_2/XLXI_106 (XLXI_2/XLXN_130)
     OR2:I1->O             2   0.223   0.961  XLXI_2/XLXI_107 (XLXI_2/XLXN_134)
     OR2:I1->O             1   0.223   0.579  XLXI_2/XLXI_109 (SSD_Segment_6_OBUF)
     OBUF:I->O                 2.571          SSD_Segment_6_OBUF (SSD_Segment<6>)
    ----------------------------------------
    Total                     16.930ns (5.718ns logic, 11.212ns route)
                                       (33.8% logic, 66.2% route)

=========================================================================

Cross Clock Domains Report:
--------------------------

Clock to Setup on destination clock OSC
---------------+---------+---------+---------+---------+
               | Src:Rise| Src:Fall| Src:Rise| Src:Fall|
Source Clock   |Dest:Rise|Dest:Rise|Dest:Fall|Dest:Fall|
---------------+---------+---------+---------+---------+
OSC            |         |         |    7.153|         |
---------------+---------+---------+---------+---------+

Clock to Setup on destination clock XLXI_1/XLXI_31/TC
-----------------+---------+---------+---------+---------+
                 | Src:Rise| Src:Fall| Src:Rise| Src:Fall|
Source Clock     |Dest:Rise|Dest:Rise|Dest:Fall|Dest:Fall|
-----------------+---------+---------+---------+---------+
XLXI_1/XLXI_31/TC|         |         |    2.312|         |
-----------------+---------+---------+---------+---------+

Clock to Setup on destination clock XLXI_11/XLXI_22/TC
------------------+---------+---------+---------+---------+
                  | Src:Rise| Src:Fall| Src:Rise| Src:Fall|
Source Clock      |Dest:Rise|Dest:Rise|Dest:Fall|Dest:Fall|
------------------+---------+---------+---------+---------+
XLXI_11/XLXI_22/TC|         |         |    2.346|         |
------------------+---------+---------+---------+---------+

Clock to Setup on destination clock XLXN_113
---------------+---------+---------+---------+---------+
               | Src:Rise| Src:Fall| Src:Rise| Src:Fall|
Source Clock   |Dest:Rise|Dest:Rise|Dest:Fall|Dest:Fall|
---------------+---------+---------+---------+---------+
XLXN_113       |         |         |    2.723|         |
---------------+---------+---------+---------+---------+

Clock to Setup on destination clock XLXN_14
---------------+---------+---------+---------+---------+
               | Src:Rise| Src:Fall| Src:Rise| Src:Fall|
Source Clock   |Dest:Rise|Dest:Rise|Dest:Fall|Dest:Fall|
---------------+---------+---------+---------+---------+
XLXN_14        |    2.190|         |         |         |
---------------+---------+---------+---------+---------+

=========================================================================


Total REAL time to Xst completion: 1.00 secs
Total CPU time to Xst completion: 1.80 secs
 
--> 


Total memory usage is 371508 kilobytes

Number of errors   :    0 (   0 filtered)
Number of warnings :    2 (   0 filtered)
Number of infos    :   58 (   0 filtered)

