Release 14.7 - xst P.20131013 (lin64)
Copyright (c) 1995-2013 Xilinx, Inc.  All rights reserved.
--> 
Parameter TMPDIR set to xst/projnav.tmp


Total REAL time to Xst completion: 0.00 secs
Total CPU time to Xst completion: 0.02 secs
 
--> 
Parameter xsthdpdir set to xst


Total REAL time to Xst completion: 0.00 secs
Total CPU time to Xst completion: 0.02 secs
 
--> 
Reading design: main.prj

TABLE OF CONTENTS
  1) Synthesis Options Summary
  2) HDL Parsing
  3) HDL Elaboration
  4) HDL Synthesis
       4.1) HDL Synthesis Report
  5) Advanced HDL Synthesis
       5.1) Advanced HDL Synthesis Report
  6) Low Level Synthesis
  7) Partition Report
  8) Design Summary
       8.1) Primitive and Black Box Usage
       8.2) Device utilization summary
       8.3) Partition Resource Summary
       8.4) Timing Report
            8.4.1) Clock Information
            8.4.2) Asynchronous Control Signals Information
            8.4.3) Timing Summary
            8.4.4) Timing Details
            8.4.5) Cross Clock Domains Report


=========================================================================
*                      Synthesis Options Summary                        *
=========================================================================
---- Source Parameters
Input File Name                    : "main.prj"
Ignore Synthesis Constraint File   : NO

---- Target Parameters
Output File Name                   : "main"
Output Format                      : NGC
Target Device                      : xc6slx9-3-tqg144

---- Source Options
Top Module Name                    : main
Automatic FSM Extraction           : YES
FSM Encoding Algorithm             : Auto
Safe Implementation                : No
FSM Style                          : LUT
RAM Extraction                     : Yes
RAM Style                          : Auto
ROM Extraction                     : Yes
Shift Register Extraction          : YES
ROM Style                          : Auto
Resource Sharing                   : YES
Asynchronous To Synchronous        : NO
Shift Register Minimum Size        : 2
Use DSP Block                      : Auto
Automatic Register Balancing       : No

---- Target Options
LUT Combining                      : Auto
Reduce Control Sets                : Auto
Add IO Buffers                     : YES
Global Maximum Fanout              : 100000
Add Generic Clock Buffer(BUFG)     : 16
Register Duplication               : YES
Optimize Instantiated Primitives   : NO
Use Clock Enable                   : Auto
Use Synchronous Set                : Auto
Use Synchronous Reset              : Auto
Pack IO Registers into IOBs        : Auto
Equivalent register Removal        : YES

---- General Options
Optimization Goal                  : Speed
Optimization Effort                : 1
Power Reduction                    : NO
Keep Hierarchy                     : No
Netlist Hierarchy                  : As_Optimized
RTL Output                         : Yes
Global Optimization                : AllClockNets
Read Cores                         : YES
Write Timing Constraints           : NO
Cross Clock Analysis               : NO
Hierarchy Separator                : /
Bus Delimiter                      : <>
Case Specifier                     : Maintain
Slice Utilization Ratio            : 100
BRAM Utilization Ratio             : 100
DSP48 Utilization Ratio            : 100
Auto BRAM Packing                  : NO
Slice Utilization Ratio Delta      : 5

=========================================================================


=========================================================================
*                          HDL Parsing                                  *
=========================================================================
Analyzing Verilog file "/home/phuwit/Programming/KMITL-DigitalSystemsFundamentals/MockExam/Problem5/wtb8.vf" into library work
Parsing module <wtb8>.
Analyzing Verilog file "/home/phuwit/Programming/KMITL-DigitalSystemsFundamentals/MockExam/Problem5/ssd1d0ft.vf" into library work
Parsing module <ssd1d0ft>.
Analyzing Verilog file "/home/phuwit/Programming/KMITL-DigitalSystemsFundamentals/MockExam/Problem5/mux4x1x8.vf" into library work
Parsing module <M4_1E_HXILINX_mux4x1x8>.
Parsing module <mux4x1x8>.
Analyzing Verilog file "/home/phuwit/Programming/KMITL-DigitalSystemsFundamentals/MockExam/Problem5/clkdiv20k.vf" into library work
Parsing module <CD4CE_HXILINX_clkdiv20k>.
Parsing module <clkdiv20k>.
Analyzing Verilog file "/home/phuwit/Programming/KMITL-DigitalSystemsFundamentals/MockExam/Problem5/main.vf" into library work
Parsing module <INV4_HXILINX_main>.
Parsing module <CD4CE_HXILINX_main>.
Parsing module <M4_1E_HXILINX_main>.
Parsing module <D2_4E_HXILINX_main>.
Parsing module <CB2CE_HXILINX_main>.
Parsing module <clkdiv20k_MUSER_main>.
Parsing module <mux4x1x8_MUSER_main>.
Parsing module <wtb8_MUSER_main>.
Parsing module <ssd1d0ft_MUSER_main>.
Parsing module <main>.

=========================================================================
*                            HDL Elaboration                            *
=========================================================================

Elaborating module <main>.

Elaborating module <ssd1d0ft_MUSER_main>.

Elaborating module <LUT4(INIT=16'b1110111101111100)>.

Elaborating module <LUT4(INIT=16'b1101111101110001)>.

Elaborating module <LUT4(INIT=16'b1111110101000101)>.

Elaborating module <LUT4(INIT=16'b0111101101101101)>.

Elaborating module <LUT4(INIT=16'b010111111111011)>.

Elaborating module <LUT4(INIT=16'b010011110011111)>.

Elaborating module <LUT4(INIT=16'b1101011111101101)>.

Elaborating module <wtb8_MUSER_main>.

Elaborating module <BUF>.

Elaborating module <GND>.

Elaborating module <mux4x1x8_MUSER_main>.

Elaborating module <M4_1E_HXILINX_main>.

Elaborating module <VCC>.

Elaborating module <D2_4E_HXILINX_main>.

Elaborating module <CB2CE_HXILINX_main>.
WARNING:HDLCompiler:413 - "/home/phuwit/Programming/KMITL-DigitalSystemsFundamentals/MockExam/Problem5/main.vf" Line 180: Result of 3-bit expression is truncated to fit in 2-bit target.

Elaborating module <clkdiv20k_MUSER_main>.

Elaborating module <CD4CE_HXILINX_main>.
WARNING:HDLCompiler:413 - "/home/phuwit/Programming/KMITL-DigitalSystemsFundamentals/MockExam/Problem5/main.vf" Line 81: Result of 5-bit expression is truncated to fit in 4-bit target.

Elaborating module <FD_1(INIT=1'b0)>.

Elaborating module <INV>.

Elaborating module <INV4_HXILINX_main>.

=========================================================================
*                           HDL Synthesis                               *
=========================================================================

Synthesizing Unit <main>.
    Related source file is "/home/phuwit/Programming/KMITL-DigitalSystemsFundamentals/MockExam/Problem5/main.vf".
    Set property "HU_SET = XLXI_29_16" for instance <XLXI_29>.
    Set property "HU_SET = XLXI_30_17" for instance <XLXI_30>.
    Set property "HU_SET = XLXI_34_18" for instance <XLXI_34>.
INFO:Xst:3210 - "/home/phuwit/Programming/KMITL-DigitalSystemsFundamentals/MockExam/Problem5/main.vf" line 598: Output port <CEO> of the instance <XLXI_30> is unconnected or connected to loadless signal.
INFO:Xst:3210 - "/home/phuwit/Programming/KMITL-DigitalSystemsFundamentals/MockExam/Problem5/main.vf" line 598: Output port <TC> of the instance <XLXI_30> is unconnected or connected to loadless signal.
    Summary:
	no macro.
Unit <main> synthesized.

Synthesizing Unit <ssd1d0ft_MUSER_main>.
    Related source file is "/home/phuwit/Programming/KMITL-DigitalSystemsFundamentals/MockExam/Problem5/main.vf".
    Summary:
	no macro.
Unit <ssd1d0ft_MUSER_main> synthesized.

Synthesizing Unit <wtb8_MUSER_main>.
    Related source file is "/home/phuwit/Programming/KMITL-DigitalSystemsFundamentals/MockExam/Problem5/main.vf".
    Summary:
	no macro.
Unit <wtb8_MUSER_main> synthesized.

Synthesizing Unit <mux4x1x8_MUSER_main>.
    Related source file is "/home/phuwit/Programming/KMITL-DigitalSystemsFundamentals/MockExam/Problem5/main.vf".
    Set property "HU_SET = XLXI_1_8" for instance <XLXI_1>.
    Set property "HU_SET = XLXI_2_9" for instance <XLXI_2>.
    Set property "HU_SET = XLXI_3_10" for instance <XLXI_3>.
    Set property "HU_SET = XLXI_4_11" for instance <XLXI_4>.
    Set property "HU_SET = XLXI_5_12" for instance <XLXI_5>.
    Set property "HU_SET = XLXI_6_13" for instance <XLXI_6>.
    Set property "HU_SET = XLXI_7_14" for instance <XLXI_7>.
    Set property "HU_SET = XLXI_8_15" for instance <XLXI_8>.
    Summary:
	no macro.
Unit <mux4x1x8_MUSER_main> synthesized.

Synthesizing Unit <M4_1E_HXILINX_main>.
    Related source file is "/home/phuwit/Programming/KMITL-DigitalSystemsFundamentals/MockExam/Problem5/main.vf".
    Found 1-bit 4-to-1 multiplexer for signal <S1_D3_Mux_0_o> created at line 112.
    Summary:
	inferred   2 Multiplexer(s).
Unit <M4_1E_HXILINX_main> synthesized.

Synthesizing Unit <D2_4E_HXILINX_main>.
    Related source file is "/home/phuwit/Programming/KMITL-DigitalSystemsFundamentals/MockExam/Problem5/main.vf".
    Summary:
	inferred   4 Multiplexer(s).
Unit <D2_4E_HXILINX_main> synthesized.

Synthesizing Unit <CB2CE_HXILINX_main>.
    Related source file is "/home/phuwit/Programming/KMITL-DigitalSystemsFundamentals/MockExam/Problem5/main.vf".
    Found 1-bit register for signal <Q1>.
    Found 1-bit register for signal <Q0>.
    Found 2-bit adder for signal <Q1_GND_17_o_add_0_OUT> created at line 180.
    Summary:
	inferred   1 Adder/Subtractor(s).
	inferred   2 D-type flip-flop(s).
Unit <CB2CE_HXILINX_main> synthesized.

Synthesizing Unit <clkdiv20k_MUSER_main>.
    Related source file is "/home/phuwit/Programming/KMITL-DigitalSystemsFundamentals/MockExam/Problem5/main.vf".
    Set property "HU_SET = XLXI_1_4" for instance <XLXI_1>.
    Set property "HU_SET = XLXI_14_5" for instance <XLXI_14>.
    Set property "HU_SET = XLXI_17_6" for instance <XLXI_17>.
    Set property "HU_SET = XLXI_22_7" for instance <XLXI_22>.
INFO:Xst:3210 - "/home/phuwit/Programming/KMITL-DigitalSystemsFundamentals/MockExam/Problem5/main.vf" line 207: Output port <Q0> of the instance <XLXI_1> is unconnected or connected to loadless signal.
INFO:Xst:3210 - "/home/phuwit/Programming/KMITL-DigitalSystemsFundamentals/MockExam/Problem5/main.vf" line 207: Output port <Q1> of the instance <XLXI_1> is unconnected or connected to loadless signal.
INFO:Xst:3210 - "/home/phuwit/Programming/KMITL-DigitalSystemsFundamentals/MockExam/Problem5/main.vf" line 207: Output port <Q2> of the instance <XLXI_1> is unconnected or connected to loadless signal.
INFO:Xst:3210 - "/home/phuwit/Programming/KMITL-DigitalSystemsFundamentals/MockExam/Problem5/main.vf" line 207: Output port <Q3> of the instance <XLXI_1> is unconnected or connected to loadless signal.
INFO:Xst:3210 - "/home/phuwit/Programming/KMITL-DigitalSystemsFundamentals/MockExam/Problem5/main.vf" line 207: Output port <TC> of the instance <XLXI_1> is unconnected or connected to loadless signal.
INFO:Xst:3210 - "/home/phuwit/Programming/KMITL-DigitalSystemsFundamentals/MockExam/Problem5/main.vf" line 224: Output port <Q0> of the instance <XLXI_14> is unconnected or connected to loadless signal.
INFO:Xst:3210 - "/home/phuwit/Programming/KMITL-DigitalSystemsFundamentals/MockExam/Problem5/main.vf" line 224: Output port <Q1> of the instance <XLXI_14> is unconnected or connected to loadless signal.
INFO:Xst:3210 - "/home/phuwit/Programming/KMITL-DigitalSystemsFundamentals/MockExam/Problem5/main.vf" line 224: Output port <Q2> of the instance <XLXI_14> is unconnected or connected to loadless signal.
INFO:Xst:3210 - "/home/phuwit/Programming/KMITL-DigitalSystemsFundamentals/MockExam/Problem5/main.vf" line 224: Output port <Q3> of the instance <XLXI_14> is unconnected or connected to loadless signal.
INFO:Xst:3210 - "/home/phuwit/Programming/KMITL-DigitalSystemsFundamentals/MockExam/Problem5/main.vf" line 224: Output port <TC> of the instance <XLXI_14> is unconnected or connected to loadless signal.
INFO:Xst:3210 - "/home/phuwit/Programming/KMITL-DigitalSystemsFundamentals/MockExam/Problem5/main.vf" line 234: Output port <Q0> of the instance <XLXI_17> is unconnected or connected to loadless signal.
INFO:Xst:3210 - "/home/phuwit/Programming/KMITL-DigitalSystemsFundamentals/MockExam/Problem5/main.vf" line 234: Output port <Q1> of the instance <XLXI_17> is unconnected or connected to loadless signal.
INFO:Xst:3210 - "/home/phuwit/Programming/KMITL-DigitalSystemsFundamentals/MockExam/Problem5/main.vf" line 234: Output port <Q2> of the instance <XLXI_17> is unconnected or connected to loadless signal.
INFO:Xst:3210 - "/home/phuwit/Programming/KMITL-DigitalSystemsFundamentals/MockExam/Problem5/main.vf" line 234: Output port <Q3> of the instance <XLXI_17> is unconnected or connected to loadless signal.
INFO:Xst:3210 - "/home/phuwit/Programming/KMITL-DigitalSystemsFundamentals/MockExam/Problem5/main.vf" line 234: Output port <TC> of the instance <XLXI_17> is unconnected or connected to loadless signal.
INFO:Xst:3210 - "/home/phuwit/Programming/KMITL-DigitalSystemsFundamentals/MockExam/Problem5/main.vf" line 244: Output port <CEO> of the instance <XLXI_22> is unconnected or connected to loadless signal.
INFO:Xst:3210 - "/home/phuwit/Programming/KMITL-DigitalSystemsFundamentals/MockExam/Problem5/main.vf" line 244: Output port <Q0> of the instance <XLXI_22> is unconnected or connected to loadless signal.
INFO:Xst:3210 - "/home/phuwit/Programming/KMITL-DigitalSystemsFundamentals/MockExam/Problem5/main.vf" line 244: Output port <Q1> of the instance <XLXI_22> is unconnected or connected to loadless signal.
INFO:Xst:3210 - "/home/phuwit/Programming/KMITL-DigitalSystemsFundamentals/MockExam/Problem5/main.vf" line 244: Output port <Q2> of the instance <XLXI_22> is unconnected or connected to loadless signal.
INFO:Xst:3210 - "/home/phuwit/Programming/KMITL-DigitalSystemsFundamentals/MockExam/Problem5/main.vf" line 244: Output port <Q3> of the instance <XLXI_22> is unconnected or connected to loadless signal.
    Summary:
	no macro.
Unit <clkdiv20k_MUSER_main> synthesized.

Synthesizing Unit <CD4CE_HXILINX_main>.
    Related source file is "/home/phuwit/Programming/KMITL-DigitalSystemsFundamentals/MockExam/Problem5/main.vf".
        TERMINAL_COUNT = 4'b1001
    Found 1-bit register for signal <Q1>.
    Found 1-bit register for signal <Q2>.
    Found 1-bit register for signal <Q3>.
    Found 1-bit register for signal <Q0>.
    Found 4-bit adder for signal <Q3_GND_19_o_add_4_OUT> created at line 81.
    Summary:
	inferred   1 Adder/Subtractor(s).
	inferred   4 D-type flip-flop(s).
	inferred   7 Multiplexer(s).
Unit <CD4CE_HXILINX_main> synthesized.

Synthesizing Unit <INV4_HXILINX_main>.
    Related source file is "/home/phuwit/Programming/KMITL-DigitalSystemsFundamentals/MockExam/Problem5/main.vf".
    Summary:
	no macro.
Unit <INV4_HXILINX_main> synthesized.

=========================================================================
HDL Synthesis Report

Macro Statistics
# Adders/Subtractors                                   : 5
 2-bit adder                                           : 1
 4-bit adder                                           : 4
# Registers                                            : 18
 1-bit register                                        : 18
# Multiplexers                                         : 48
 1-bit 2-to-1 multiplexer                              : 40
 1-bit 4-to-1 multiplexer                              : 8

=========================================================================

=========================================================================
*                       Advanced HDL Synthesis                          *
=========================================================================


=========================================================================
Advanced HDL Synthesis Report

Macro Statistics
# Adders/Subtractors                                   : 5
 2-bit adder                                           : 1
 4-bit adder                                           : 4
# Registers                                            : 19
 Flip-Flops                                            : 19
# Multiplexers                                         : 48
 1-bit 2-to-1 multiplexer                              : 40
 1-bit 4-to-1 multiplexer                              : 8

=========================================================================

=========================================================================
*                         Low Level Synthesis                           *
=========================================================================

Optimizing unit <main> ...

Optimizing unit <wtb8_MUSER_main> ...

Optimizing unit <mux4x1x8_MUSER_main> ...

Optimizing unit <CD4CE_HXILINX_main> ...

Optimizing unit <CB2CE_HXILINX_main> ...

Optimizing unit <M4_1E_HXILINX_main> ...

Optimizing unit <D2_4E_HXILINX_main> ...

Optimizing unit <INV4_HXILINX_main> ...

Mapping all equations...
Building and optimizing final netlist ...
Found area constraint ratio of 100 (+ 5) on block main, actual ratio is 0.

Final Macro Processing ...

=========================================================================
Final Register Report

Macro Statistics
# Registers                                            : 19
 Flip-Flops                                            : 19

=========================================================================

=========================================================================
*                           Partition Report                            *
=========================================================================

Partition Implementation Status
-------------------------------

  No Partitions were found in this design.

-------------------------------

=========================================================================
*                            Design Summary                             *
=========================================================================

Top Level Output File Name         : main.ngc

Primitive and Black Box Usage:
------------------------------
# BELS                             : 81
#      BUF                         : 32
#      GND                         : 1
#      INV                         : 11
#      LUT2                        : 5
#      LUT3                        : 8
#      LUT4                        : 13
#      LUT5                        : 2
#      LUT6                        : 8
#      VCC                         : 1
# FlipFlops/Latches                : 19
#      FD_1                        : 1
#      FDCE                        : 18
# Clock Buffers                    : 1
#      BUFGP                       : 1
# IO Buffers                       : 16
#      IBUF                        : 4
#      OBUF                        : 12

Device utilization summary:
---------------------------

Selected Device : 6slx9tqg144-3 


Slice Logic Utilization: 
 Number of Slice Registers:              19  out of  11440     0%  
 Number of Slice LUTs:                   47  out of   5720     0%  
    Number used as Logic:                47  out of   5720     0%  

Slice Logic Distribution: 
 Number of LUT Flip Flop pairs used:     66
   Number with an unused Flip Flop:      47  out of     66    71%  
   Number with an unused LUT:            19  out of     66    28%  
   Number of fully used LUT-FF pairs:     0  out of     66     0%  
   Number of unique control sets:         6

IO Utilization: 
 Number of IOs:                          17
 Number of bonded IOBs:                  17  out of    102    16%  

Specific Feature Utilization:
 Number of BUFG/BUFGCTRLs:                1  out of     16     6%  

---------------------------
Partition Resource Summary:
---------------------------

  No Partitions were found in this design.

---------------------------


=========================================================================
Timing Report

NOTE: THESE TIMING NUMBERS ARE ONLY A SYNTHESIS ESTIMATE.
      FOR ACCURATE TIMING INFORMATION PLEASE REFER TO THE TRACE REPORT
      GENERATED AFTER PLACE-and-ROUTE.

Clock Information:
------------------
-----------------------------------------------+-------------------------+-------+
Clock Signal                                   | Clock buffer(FF name)   | Load  |
-----------------------------------------------+-------------------------+-------+
XLXI_31/XLXI_22/TC(XLXI_31/XLXI_22/Mmux_TC11:O)| NONE(*)(XLXI_31/XLXI_10)| 1     |
OSC                                            | BUFGP                   | 16    |
XLXN_50                                        | NONE(XLXI_30/Q0)        | 2     |
-----------------------------------------------+-------------------------+-------+
(*) This 1 clock signal(s) are generated by combinatorial logic,
and XST is not able to identify which are the primary clock signals.
Please use the CLOCK_SIGNAL constraint to specify the clock signal(s) generated by combinatorial logic.
INFO:Xst:2169 - HDL ADVISOR - Some clock signals were not automatically buffered by XST with BUFG/BUFR resources. Please use the buffer_type constraint in order to insert these buffers to the clock signals to help prevent skew problems.

Asynchronous Control Signals Information:
----------------------------------------
No asynchronous control signals found in this design

Timing Summary:
---------------
Speed Grade: -3

   Minimum period: 4.393ns (Maximum Frequency: 227.645MHz)
   Minimum input arrival time before clock: No path found
   Maximum output required time after clock: 5.647ns
   Maximum combinational path delay: 8.024ns

Timing Details:
---------------
All values displayed in nanoseconds (ns)

=========================================================================
Timing constraint: Default period analysis for Clock 'XLXI_31/XLXI_22/TC'
  Clock period: 2.346ns (frequency: 426.239MHz)
  Total number of paths / destination ports: 1 / 1
-------------------------------------------------------------------------
Delay:               2.346ns (Levels of Logic = 1)
  Source:            XLXI_31/XLXI_10 (FF)
  Destination:       XLXI_31/XLXI_10 (FF)
  Source Clock:      XLXI_31/XLXI_22/TC falling
  Destination Clock: XLXI_31/XLXI_22/TC falling

  Data Path: XLXI_31/XLXI_10 to XLXI_31/XLXI_10
                                Gate     Net
    Cell:in->out      fanout   Delay   Delay  Logical Name (Net Name)
    ----------------------------------------  ------------
     FD_1:C->Q             3   0.447   0.650  XLXI_31/XLXI_10 (XLXN_50)
     INV:I->O              1   0.568   0.579  XLXI_31/XLXI_11 (XLXI_31/XLXN_11)
     FD_1:D                    0.102          XLXI_31/XLXI_10
    ----------------------------------------
    Total                      2.346ns (1.117ns logic, 1.229ns route)
                                       (47.6% logic, 52.4% route)

=========================================================================
Timing constraint: Default period analysis for Clock 'OSC'
  Clock period: 4.393ns (frequency: 227.645MHz)
  Total number of paths / destination ports: 140 / 28
-------------------------------------------------------------------------
Delay:               4.393ns (Levels of Logic = 6)
  Source:            XLXI_31/XLXI_1/Q3 (FF)
  Destination:       XLXI_31/XLXI_22/Q3 (FF)
  Source Clock:      OSC falling
  Destination Clock: OSC falling

  Data Path: XLXI_31/XLXI_1/Q3 to XLXI_31/XLXI_22/Q3
                                Gate     Net
    Cell:in->out      fanout   Delay   Delay  Logical Name (Net Name)
    ----------------------------------------  ------------
     FDCE:C->Q             3   0.447   0.898  Q3 (Q3)
     LUT4:I0->O            5   0.203   0.715  Mmux_TC11 (TC)
     end scope: 'XLXI_31/XLXI_1:CEO'
     begin scope: 'XLXI_31/XLXI_14:CE'
     LUT5:I4->O            5   0.205   0.715  CEO1 (CEO)
     end scope: 'XLXI_31/XLXI_14:CEO'
     begin scope: 'XLXI_31/XLXI_17:CE'
     LUT5:I4->O            4   0.205   0.683  CEO1 (CEO)
     end scope: 'XLXI_31/XLXI_17:CEO'
     begin scope: 'XLXI_31/XLXI_22:CE'
     FDCE:CE                   0.322          Q3
    ----------------------------------------
    Total                      4.393ns (1.382ns logic, 3.011ns route)
                                       (31.5% logic, 68.5% route)

=========================================================================
Timing constraint: Default period analysis for Clock 'XLXN_50'
  Clock period: 2.291ns (frequency: 436.500MHz)
  Total number of paths / destination ports: 3 / 2
-------------------------------------------------------------------------
Delay:               2.291ns (Levels of Logic = 1)
  Source:            XLXI_30/Q0 (FF)
  Destination:       XLXI_30/Q0 (FF)
  Source Clock:      XLXN_50 rising
  Destination Clock: XLXN_50 rising

  Data Path: XLXI_30/Q0 to XLXI_30/Q0
                                Gate     Net
    Cell:in->out      fanout   Delay   Delay  Logical Name (Net Name)
    ----------------------------------------  ------------
     FDCE:C->Q            14   0.447   0.957  Q0 (Q0)
     INV:I->O              1   0.206   0.579  Madd_Q1_GND_17_o_add_0_OUT_xor<0>11_INV_0 (Q1_GND_17_o_add_0_OUT<0>)
     FDCE:D                    0.102          Q0
    ----------------------------------------
    Total                      2.291ns (0.755ns logic, 1.536ns route)
                                       (33.0% logic, 67.0% route)

=========================================================================
Timing constraint: Default OFFSET OUT AFTER for Clock 'XLXN_50'
  Total number of paths / destination ports: 24 / 12
-------------------------------------------------------------------------
Offset:              5.647ns (Levels of Logic = 6)
  Source:            XLXI_30/Q0 (FF)
  Destination:       SSD_COM2 (PAD)
  Source Clock:      XLXN_50 rising

  Data Path: XLXI_30/Q0 to SSD_COM2
                                Gate     Net
    Cell:in->out      fanout   Delay   Delay  Logical Name (Net Name)
    ----------------------------------------  ------------
     FDCE:C->Q            14   0.447   1.062  Q0 (Q0)
     end scope: 'XLXI_30:Q0'
     begin scope: 'XLXI_29:A0'
     LUT2:I0->O            1   0.203   0.579  Mmux_D211 (D2)
     end scope: 'XLXI_29:D2'
     begin scope: 'XLXI_34:I1'
     INV:I->O              1   0.206   0.579  O11_INV_0 (O1)
     end scope: 'XLXI_34:O1'
     OBUF:I->O                 2.571          SSD_COM2_OBUF (SSD_COM2)
    ----------------------------------------
    Total                      5.647ns (3.427ns logic, 2.220ns route)
                                       (60.7% logic, 39.3% route)

=========================================================================
Timing constraint: Default path analysis
  Total number of paths / destination ports: 56 / 7
-------------------------------------------------------------------------
Delay:               8.024ns (Levels of Logic = 6)
  Source:            SW0 (PAD)
  Destination:       SSD_Segment<0> (PAD)

  Data Path: SW0 to SSD_Segment<0>
                                Gate     Net
    Cell:in->out      fanout   Delay   Delay  Logical Name (Net Name)
    ----------------------------------------  ------------
     IBUF:I->O             7   1.222   1.021  SW0_IBUF (SW0_IBUF)
     LUT4:I0->O            2   0.320   0.616  XLXI_2/XLXI_7 (XLXN_17)
     BUF:I->O              1   0.568   0.924  XLXI_3/XLXI_1 (XLXN_42<0>)
     begin scope: 'XLXI_28/XLXI_1:D3'
     LUT6:I1->O            1   0.203   0.579  Mmux_O11 (O)
     end scope: 'XLXI_28/XLXI_1:O'
     OBUF:I->O                 2.571          SSD_Segment_0_OBUF (SSD_Segment<0>)
    ----------------------------------------
    Total                      8.024ns (4.884ns logic, 3.140ns route)
                                       (60.9% logic, 39.1% route)

=========================================================================

Cross Clock Domains Report:
--------------------------

Clock to Setup on destination clock OSC
---------------+---------+---------+---------+---------+
               | Src:Rise| Src:Fall| Src:Rise| Src:Fall|
Source Clock   |Dest:Rise|Dest:Rise|Dest:Fall|Dest:Fall|
---------------+---------+---------+---------+---------+
OSC            |         |         |    4.393|         |
---------------+---------+---------+---------+---------+

Clock to Setup on destination clock XLXI_31/XLXI_22/TC
------------------+---------+---------+---------+---------+
                  | Src:Rise| Src:Fall| Src:Rise| Src:Fall|
Source Clock      |Dest:Rise|Dest:Rise|Dest:Fall|Dest:Fall|
------------------+---------+---------+---------+---------+
XLXI_31/XLXI_22/TC|         |         |    2.346|         |
------------------+---------+---------+---------+---------+

Clock to Setup on destination clock XLXN_50
---------------+---------+---------+---------+---------+
               | Src:Rise| Src:Fall| Src:Rise| Src:Fall|
Source Clock   |Dest:Rise|Dest:Rise|Dest:Fall|Dest:Fall|
---------------+---------+---------+---------+---------+
XLXN_50        |    2.291|         |         |         |
---------------+---------+---------+---------+---------+

=========================================================================


Total REAL time to Xst completion: 2.00 secs
Total CPU time to Xst completion: 1.75 secs
 
--> 


Total memory usage is 371288 kilobytes

Number of errors   :    0 (   0 filtered)
Number of warnings :    2 (   0 filtered)
Number of infos    :   23 (   0 filtered)

