--------------------------------------------------------------------------------
Release 14.7 Trace  (lin64)
Copyright (c) 1995-2013 Xilinx, Inc.  All rights reserved.

/opt/Xilinx/14.7/ISE_DS/ISE/bin/lin64/unwrapped/trce -intstyle ise -v 3 -s 3 -n
3 -fastpaths -xml main.twx main.ncd -o main.twr main.pcf -ucf main.ucf

Design file:              main.ncd
Physical constraint file: main.pcf
Device,package,speed:     xc6slx9,tqg144,C,-3 (PRODUCTION 1.23 2013-10-13)
Report level:             verbose report

Environment Variable      Effect 
--------------------      ------ 
NONE                      No environment variables were set
--------------------------------------------------------------------------------

INFO:Timing:2698 - No timing constraints found, doing default enumeration.
INFO:Timing:3412 - To improve timing, see the Timing Closure User Guide (UG612).
INFO:Timing:2752 - To get complete path coverage, use the unconstrained paths 
   option. All paths that are not constrained will be reported in the 
   unconstrained paths section(s) of the report.
INFO:Timing:3339 - The clock-to-out numbers in this timing report are based on 
   a 50 Ohm transmission line loading model.  For the details of this model, 
   and for more information on accounting for different loading conditions, 
   please see the device datasheet.



Data Sheet report:
-----------------
All values displayed in nanoseconds (ns)

Clock to Setup on destination clock OSC
---------------+---------+---------+---------+---------+
               | Src:Rise| Src:Fall| Src:Rise| Src:Fall|
Source Clock   |Dest:Rise|Dest:Rise|Dest:Fall|Dest:Fall|
---------------+---------+---------+---------+---------+
OSC            |         |         |         |    3.917|
---------------+---------+---------+---------+---------+

Pad to Pad
---------------+---------------+---------+
Source Pad     |Destination Pad|  Delay  |
---------------+---------------+---------+
SW0            |SSD_Segment<0> |    7.500|
SW0            |SSD_Segment<1> |    7.699|
SW0            |SSD_Segment<2> |    7.586|
SW0            |SSD_Segment<3> |    8.222|
SW0            |SSD_Segment<4> |    7.994|
SW0            |SSD_Segment<5> |    8.685|
SW0            |SSD_Segment<6> |    8.614|
SW1            |SSD_Segment<0> |    7.700|
SW1            |SSD_Segment<1> |    7.699|
SW1            |SSD_Segment<2> |    8.080|
SW1            |SSD_Segment<3> |    8.346|
SW1            |SSD_Segment<4> |    8.118|
SW1            |SSD_Segment<5> |    8.583|
SW1            |SSD_Segment<6> |    8.749|
SW2            |SSD_Segment<0> |    7.592|
SW2            |SSD_Segment<1> |    7.483|
SW2            |SSD_Segment<2> |    7.803|
SW2            |SSD_Segment<3> |    8.107|
SW2            |SSD_Segment<4> |    7.879|
SW2            |SSD_Segment<5> |    8.474|
SW2            |SSD_Segment<6> |    8.702|
SW3            |SSD_Segment<0> |    7.530|
SW3            |SSD_Segment<1> |    7.199|
SW3            |SSD_Segment<2> |    7.361|
SW3            |SSD_Segment<3> |    7.859|
SW3            |SSD_Segment<4> |    7.631|
SW3            |SSD_Segment<5> |    8.031|
SW3            |SSD_Segment<6> |    8.224|
---------------+---------------+---------+


Analysis completed Sat Oct 12 15:41:13 2024 
--------------------------------------------------------------------------------

Trace Settings:
-------------------------
Trace Settings 

Peak Memory Usage: 370 MB



