Release 14.7 - xst P.20131013 (lin64)
Copyright (c) 1995-2013 Xilinx, Inc.  All rights reserved.
--> 
Parameter TMPDIR set to xst/projnav.tmp


Total REAL time to Xst completion: 0.00 secs
Total CPU time to Xst completion: 0.02 secs
 
--> 
Parameter xsthdpdir set to xst


Total REAL time to Xst completion: 0.00 secs
Total CPU time to Xst completion: 0.02 secs
 
--> 
Reading design: main.prj

TABLE OF CONTENTS
  1) Synthesis Options Summary
  2) HDL Parsing
  3) HDL Elaboration
  4) HDL Synthesis
       4.1) HDL Synthesis Report
  5) Advanced HDL Synthesis
       5.1) Advanced HDL Synthesis Report
  6) Low Level Synthesis
  7) Partition Report
  8) Design Summary
       8.1) Primitive and Black Box Usage
       8.2) Device utilization summary
       8.3) Partition Resource Summary
       8.4) Timing Report
            8.4.1) Clock Information
            8.4.2) Asynchronous Control Signals Information
            8.4.3) Timing Summary
            8.4.4) Timing Details
            8.4.5) Cross Clock Domains Report


=========================================================================
*                      Synthesis Options Summary                        *
=========================================================================
---- Source Parameters
Input File Name                    : "main.prj"
Ignore Synthesis Constraint File   : NO

---- Target Parameters
Output File Name                   : "main"
Output Format                      : NGC
Target Device                      : xc6slx9-3-tqg144

---- Source Options
Top Module Name                    : main
Automatic FSM Extraction           : YES
FSM Encoding Algorithm             : Auto
Safe Implementation                : No
FSM Style                          : LUT
RAM Extraction                     : Yes
RAM Style                          : Auto
ROM Extraction                     : Yes
Shift Register Extraction          : YES
ROM Style                          : Auto
Resource Sharing                   : YES
Asynchronous To Synchronous        : NO
Shift Register Minimum Size        : 2
Use DSP Block                      : Auto
Automatic Register Balancing       : No

---- Target Options
LUT Combining                      : Auto
Reduce Control Sets                : Auto
Add IO Buffers                     : YES
Global Maximum Fanout              : 100000
Add Generic Clock Buffer(BUFG)     : 16
Register Duplication               : YES
Optimize Instantiated Primitives   : NO
Use Clock Enable                   : Auto
Use Synchronous Set                : Auto
Use Synchronous Reset              : Auto
Pack IO Registers into IOBs        : Auto
Equivalent register Removal        : YES

---- General Options
Optimization Goal                  : Speed
Optimization Effort                : 1
Power Reduction                    : NO
Keep Hierarchy                     : No
Netlist Hierarchy                  : As_Optimized
RTL Output                         : Yes
Global Optimization                : AllClockNets
Read Cores                         : YES
Write Timing Constraints           : NO
Cross Clock Analysis               : NO
Hierarchy Separator                : /
Bus Delimiter                      : <>
Case Specifier                     : Maintain
Slice Utilization Ratio            : 100
BRAM Utilization Ratio             : 100
DSP48 Utilization Ratio            : 100
Auto BRAM Packing                  : NO
Slice Utilization Ratio Delta      : 5

=========================================================================


=========================================================================
*                          HDL Parsing                                  *
=========================================================================
Analyzing Verilog file "/home/phuwit/Programming/KMITL-DigitalSystemsFundamentals/MockExam/Problem2/mux4x1x8.vf" into library work
Parsing module <M4_1E_HXILINX_mux4x1x8>.
Parsing module <mux4x1x8>.
Analyzing Verilog file "/home/phuwit/Programming/KMITL-DigitalSystemsFundamentals/MockExam/Problem2/btw8.vf" into library work
Parsing module <btw8>.
Analyzing Verilog file "/home/phuwit/Programming/KMITL-DigitalSystemsFundamentals/MockExam/Problem2/wtb8.vf" into library work
Parsing module <wtb8>.
Analyzing Verilog file "/home/phuwit/Programming/KMITL-DigitalSystemsFundamentals/MockExam/Problem2/ssd4d_raw.vf" into library work
Parsing module <M4_1E_HXILINX_ssd4d_raw>.
Parsing module <D2_4E_HXILINX_ssd4d_raw>.
Parsing module <CB2CE_HXILINX_ssd4d_raw>.
Parsing module <mux4x1x8_MUSER_ssd4d_raw>.
Parsing module <btw8_MUSER_ssd4d_raw>.
Parsing module <ssd4d_raw>.
Analyzing Verilog file "/home/phuwit/Programming/KMITL-DigitalSystemsFundamentals/MockExam/Problem2/mux4x1x4.vf" into library work
Parsing module <M4_1E_HXILINX_mux4x1x4>.
Parsing module <mux4x1x4>.
Analyzing Verilog file "/home/phuwit/Programming/KMITL-DigitalSystemsFundamentals/MockExam/Problem2/mux2x1x8.vf" into library work
Parsing module <M2_1_HXILINX_mux2x1x8>.
Parsing module <mux2x1x8>.
Analyzing Verilog file "/home/phuwit/Programming/KMITL-DigitalSystemsFundamentals/MockExam/Problem2/mux2x1x4.vf" into library work
Parsing module <M2_1_HXILINX_mux2x1x4>.
Parsing module <mux2x1x4>.
Analyzing Verilog file "/home/phuwit/Programming/KMITL-DigitalSystemsFundamentals/MockExam/Problem2/counter0_5.vf" into library work
Parsing module <FJKCE_HXILINX_counter0_5>.
Parsing module <counter0_5>.
Analyzing Verilog file "/home/phuwit/Programming/KMITL-DigitalSystemsFundamentals/MockExam/Problem2/clkdiv20k.vf" into library work
Parsing module <CD4CE_HXILINX_clkdiv20k>.
Parsing module <clkdiv20k>.
Analyzing Verilog file "/home/phuwit/Programming/KMITL-DigitalSystemsFundamentals/MockExam/Problem2/clkdiv10M.vf" into library work
Parsing module <CD4CE_HXILINX_clkdiv10M>.
Parsing module <clkdiv10M>.
Analyzing Verilog file "/home/phuwit/Programming/KMITL-DigitalSystemsFundamentals/MockExam/Problem2/main.vf" into library work
Parsing module <FJKCE_HXILINX_main>.
Parsing module <CD4CE_HXILINX_main>.
Parsing module <M4_1E_HXILINX_main>.
Parsing module <D2_4E_HXILINX_main>.
Parsing module <M2_1_HXILINX_main>.
Parsing module <CB2CE_HXILINX_main>.
Parsing module <clkdiv10M_MUSER_main>.
Parsing module <wtb8_MUSER_main>.
Parsing module <counter0_5_MUSER_main>.
Parsing module <clkdiv20k_MUSER_main>.
Parsing module <mux2x1x4_MUSER_main>.
Parsing module <mux2x1x8_MUSER_main>.
Parsing module <mux4x1x4_MUSER_main>.
Parsing module <mux4x1x8_MUSER_main>.
Parsing module <btw8_MUSER_main>.
Parsing module <ssd4d_raw_MUSER_main>.
Parsing module <main>.

=========================================================================
*                            HDL Elaboration                            *
=========================================================================

Elaborating module <main>.

Elaborating module <clkdiv20k_MUSER_main>.

Elaborating module <CD4CE_HXILINX_main>.
WARNING:HDLCompiler:413 - "/home/phuwit/Programming/KMITL-DigitalSystemsFundamentals/MockExam/Problem2/main.vf" Line 97: Result of 5-bit expression is truncated to fit in 4-bit target.

Elaborating module <VCC>.

Elaborating module <GND>.

Elaborating module <FD_1(INIT=1'b0)>.

Elaborating module <INV>.

Elaborating module <ssd4d_raw_MUSER_main>.

Elaborating module <CB2CE_HXILINX_main>.
WARNING:HDLCompiler:413 - "/home/phuwit/Programming/KMITL-DigitalSystemsFundamentals/MockExam/Problem2/main.vf" Line 218: Result of 3-bit expression is truncated to fit in 2-bit target.

Elaborating module <D2_4E_HXILINX_main>.

Elaborating module <btw8_MUSER_main>.

Elaborating module <BUF>.

Elaborating module <mux4x1x8_MUSER_main>.

Elaborating module <M4_1E_HXILINX_main>.

Elaborating module <mux2x1x8_MUSER_main>.

Elaborating module <M2_1_HXILINX_main>.

Elaborating module <mux2x1x4_MUSER_main>.

Elaborating module <mux4x1x4_MUSER_main>.

Elaborating module <counter0_5_MUSER_main>.

Elaborating module <FJKCE_HXILINX_main>.

Elaborating module <AND2>.

Elaborating module <AND3>.

Elaborating module <wtb8_MUSER_main>.

Elaborating module <clkdiv10M_MUSER_main>.

=========================================================================
*                           HDL Synthesis                               *
=========================================================================

Synthesizing Unit <main>.
    Related source file is "/home/phuwit/Programming/KMITL-DigitalSystemsFundamentals/MockExam/Problem2/main.vf".
INFO:Xst:3210 - "/home/phuwit/Programming/KMITL-DigitalSystemsFundamentals/MockExam/Problem2/main.vf" line 1019: Output port <CEO> of the instance <XLXI_23> is unconnected or connected to loadless signal.
INFO:Xst:3210 - "/home/phuwit/Programming/KMITL-DigitalSystemsFundamentals/MockExam/Problem2/main.vf" line 1019: Output port <TC> of the instance <XLXI_23> is unconnected or connected to loadless signal.
    Summary:
	no macro.
Unit <main> synthesized.

Synthesizing Unit <clkdiv20k_MUSER_main>.
    Related source file is "/home/phuwit/Programming/KMITL-DigitalSystemsFundamentals/MockExam/Problem2/main.vf".
    Set property "HU_SET = XLXI_1_57" for instance <XLXI_1>.
    Set property "HU_SET = XLXI_14_58" for instance <XLXI_14>.
    Set property "HU_SET = XLXI_17_59" for instance <XLXI_17>.
    Set property "HU_SET = XLXI_22_60" for instance <XLXI_22>.
INFO:Xst:3210 - "/home/phuwit/Programming/KMITL-DigitalSystemsFundamentals/MockExam/Problem2/main.vf" line 454: Output port <Q0> of the instance <XLXI_1> is unconnected or connected to loadless signal.
INFO:Xst:3210 - "/home/phuwit/Programming/KMITL-DigitalSystemsFundamentals/MockExam/Problem2/main.vf" line 454: Output port <Q1> of the instance <XLXI_1> is unconnected or connected to loadless signal.
INFO:Xst:3210 - "/home/phuwit/Programming/KMITL-DigitalSystemsFundamentals/MockExam/Problem2/main.vf" line 454: Output port <Q2> of the instance <XLXI_1> is unconnected or connected to loadless signal.
INFO:Xst:3210 - "/home/phuwit/Programming/KMITL-DigitalSystemsFundamentals/MockExam/Problem2/main.vf" line 454: Output port <Q3> of the instance <XLXI_1> is unconnected or connected to loadless signal.
INFO:Xst:3210 - "/home/phuwit/Programming/KMITL-DigitalSystemsFundamentals/MockExam/Problem2/main.vf" line 454: Output port <TC> of the instance <XLXI_1> is unconnected or connected to loadless signal.
INFO:Xst:3210 - "/home/phuwit/Programming/KMITL-DigitalSystemsFundamentals/MockExam/Problem2/main.vf" line 471: Output port <Q0> of the instance <XLXI_14> is unconnected or connected to loadless signal.
INFO:Xst:3210 - "/home/phuwit/Programming/KMITL-DigitalSystemsFundamentals/MockExam/Problem2/main.vf" line 471: Output port <Q1> of the instance <XLXI_14> is unconnected or connected to loadless signal.
INFO:Xst:3210 - "/home/phuwit/Programming/KMITL-DigitalSystemsFundamentals/MockExam/Problem2/main.vf" line 471: Output port <Q2> of the instance <XLXI_14> is unconnected or connected to loadless signal.
INFO:Xst:3210 - "/home/phuwit/Programming/KMITL-DigitalSystemsFundamentals/MockExam/Problem2/main.vf" line 471: Output port <Q3> of the instance <XLXI_14> is unconnected or connected to loadless signal.
INFO:Xst:3210 - "/home/phuwit/Programming/KMITL-DigitalSystemsFundamentals/MockExam/Problem2/main.vf" line 471: Output port <TC> of the instance <XLXI_14> is unconnected or connected to loadless signal.
INFO:Xst:3210 - "/home/phuwit/Programming/KMITL-DigitalSystemsFundamentals/MockExam/Problem2/main.vf" line 481: Output port <Q0> of the instance <XLXI_17> is unconnected or connected to loadless signal.
INFO:Xst:3210 - "/home/phuwit/Programming/KMITL-DigitalSystemsFundamentals/MockExam/Problem2/main.vf" line 481: Output port <Q1> of the instance <XLXI_17> is unconnected or connected to loadless signal.
INFO:Xst:3210 - "/home/phuwit/Programming/KMITL-DigitalSystemsFundamentals/MockExam/Problem2/main.vf" line 481: Output port <Q2> of the instance <XLXI_17> is unconnected or connected to loadless signal.
INFO:Xst:3210 - "/home/phuwit/Programming/KMITL-DigitalSystemsFundamentals/MockExam/Problem2/main.vf" line 481: Output port <Q3> of the instance <XLXI_17> is unconnected or connected to loadless signal.
INFO:Xst:3210 - "/home/phuwit/Programming/KMITL-DigitalSystemsFundamentals/MockExam/Problem2/main.vf" line 481: Output port <TC> of the instance <XLXI_17> is unconnected or connected to loadless signal.
INFO:Xst:3210 - "/home/phuwit/Programming/KMITL-DigitalSystemsFundamentals/MockExam/Problem2/main.vf" line 491: Output port <CEO> of the instance <XLXI_22> is unconnected or connected to loadless signal.
INFO:Xst:3210 - "/home/phuwit/Programming/KMITL-DigitalSystemsFundamentals/MockExam/Problem2/main.vf" line 491: Output port <Q0> of the instance <XLXI_22> is unconnected or connected to loadless signal.
INFO:Xst:3210 - "/home/phuwit/Programming/KMITL-DigitalSystemsFundamentals/MockExam/Problem2/main.vf" line 491: Output port <Q1> of the instance <XLXI_22> is unconnected or connected to loadless signal.
INFO:Xst:3210 - "/home/phuwit/Programming/KMITL-DigitalSystemsFundamentals/MockExam/Problem2/main.vf" line 491: Output port <Q2> of the instance <XLXI_22> is unconnected or connected to loadless signal.
INFO:Xst:3210 - "/home/phuwit/Programming/KMITL-DigitalSystemsFundamentals/MockExam/Problem2/main.vf" line 491: Output port <Q3> of the instance <XLXI_22> is unconnected or connected to loadless signal.
    Summary:
	no macro.
Unit <clkdiv20k_MUSER_main> synthesized.

Synthesizing Unit <CD4CE_HXILINX_main>.
    Related source file is "/home/phuwit/Programming/KMITL-DigitalSystemsFundamentals/MockExam/Problem2/main.vf".
        TERMINAL_COUNT = 4'b1001
    Found 1-bit register for signal <Q1>.
    Found 1-bit register for signal <Q2>.
    Found 1-bit register for signal <Q3>.
    Found 1-bit register for signal <Q0>.
    Found 4-bit adder for signal <Q3_GND_3_o_add_4_OUT> created at line 97.
    Summary:
	inferred   1 Adder/Subtractor(s).
	inferred   4 D-type flip-flop(s).
	inferred   7 Multiplexer(s).
Unit <CD4CE_HXILINX_main> synthesized.

Synthesizing Unit <ssd4d_raw_MUSER_main>.
    Related source file is "/home/phuwit/Programming/KMITL-DigitalSystemsFundamentals/MockExam/Problem2/main.vf".
    Set property "HU_SET = XLXI_162_86" for instance <XLXI_162>.
    Set property "HU_SET = XLXI_210_85" for instance <XLXI_210>.
INFO:Xst:3210 - "/home/phuwit/Programming/KMITL-DigitalSystemsFundamentals/MockExam/Problem2/main.vf" line 814: Output port <CEO> of the instance <XLXI_162> is unconnected or connected to loadless signal.
INFO:Xst:3210 - "/home/phuwit/Programming/KMITL-DigitalSystemsFundamentals/MockExam/Problem2/main.vf" line 814: Output port <TC> of the instance <XLXI_162> is unconnected or connected to loadless signal.
    Summary:
	no macro.
Unit <ssd4d_raw_MUSER_main> synthesized.

Synthesizing Unit <CB2CE_HXILINX_main>.
    Related source file is "/home/phuwit/Programming/KMITL-DigitalSystemsFundamentals/MockExam/Problem2/main.vf".
    Found 1-bit register for signal <Q1>.
    Found 1-bit register for signal <Q0>.
    Found 2-bit adder for signal <Q1_GND_9_o_add_0_OUT> created at line 218.
    Summary:
	inferred   1 Adder/Subtractor(s).
	inferred   2 D-type flip-flop(s).
Unit <CB2CE_HXILINX_main> synthesized.

Synthesizing Unit <D2_4E_HXILINX_main>.
    Related source file is "/home/phuwit/Programming/KMITL-DigitalSystemsFundamentals/MockExam/Problem2/main.vf".
    Summary:
	inferred   4 Multiplexer(s).
Unit <D2_4E_HXILINX_main> synthesized.

Synthesizing Unit <btw8_MUSER_main>.
    Related source file is "/home/phuwit/Programming/KMITL-DigitalSystemsFundamentals/MockExam/Problem2/main.vf".
    Summary:
	no macro.
Unit <btw8_MUSER_main> synthesized.

Synthesizing Unit <mux4x1x8_MUSER_main>.
    Related source file is "/home/phuwit/Programming/KMITL-DigitalSystemsFundamentals/MockExam/Problem2/main.vf".
    Set property "HU_SET = XLXI_1_77" for instance <XLXI_1>.
    Set property "HU_SET = XLXI_2_78" for instance <XLXI_2>.
    Set property "HU_SET = XLXI_3_79" for instance <XLXI_3>.
    Set property "HU_SET = XLXI_4_80" for instance <XLXI_4>.
    Set property "HU_SET = XLXI_5_81" for instance <XLXI_5>.
    Set property "HU_SET = XLXI_6_82" for instance <XLXI_6>.
    Set property "HU_SET = XLXI_7_83" for instance <XLXI_7>.
    Set property "HU_SET = XLXI_8_84" for instance <XLXI_8>.
    Summary:
	no macro.
Unit <mux4x1x8_MUSER_main> synthesized.

Synthesizing Unit <M4_1E_HXILINX_main>.
    Related source file is "/home/phuwit/Programming/KMITL-DigitalSystemsFundamentals/MockExam/Problem2/main.vf".
    Found 1-bit 4-to-1 multiplexer for signal <S1_D3_Mux_0_o> created at line 128.
    Summary:
	inferred   2 Multiplexer(s).
Unit <M4_1E_HXILINX_main> synthesized.

Synthesizing Unit <mux2x1x8_MUSER_main>.
    Related source file is "/home/phuwit/Programming/KMITL-DigitalSystemsFundamentals/MockExam/Problem2/main.vf".
    Set property "HU_SET = XLXI_1_65" for instance <XLXI_1>.
    Set property "HU_SET = XLXI_2_66" for instance <XLXI_2>.
    Set property "HU_SET = XLXI_7_67" for instance <XLXI_7>.
    Set property "HU_SET = XLXI_8_68" for instance <XLXI_8>.
    Set property "HU_SET = XLXI_9_69" for instance <XLXI_9>.
    Set property "HU_SET = XLXI_10_70" for instance <XLXI_10>.
    Set property "HU_SET = XLXI_11_71" for instance <XLXI_11>.
    Set property "HU_SET = XLXI_12_72" for instance <XLXI_12>.
    Summary:
	no macro.
Unit <mux2x1x8_MUSER_main> synthesized.

Synthesizing Unit <M2_1_HXILINX_main>.
    Related source file is "/home/phuwit/Programming/KMITL-DigitalSystemsFundamentals/MockExam/Problem2/main.vf".
    Summary:
	inferred   1 Multiplexer(s).
Unit <M2_1_HXILINX_main> synthesized.

Synthesizing Unit <mux2x1x4_MUSER_main>.
    Related source file is "/home/phuwit/Programming/KMITL-DigitalSystemsFundamentals/MockExam/Problem2/main.vf".
    Set property "HU_SET = XLXI_144_61" for instance <XLXI_144>.
    Set property "HU_SET = XLXI_145_62" for instance <XLXI_145>.
    Set property "HU_SET = XLXI_146_63" for instance <XLXI_146>.
    Set property "HU_SET = XLXI_147_64" for instance <XLXI_147>.
    Summary:
	no macro.
Unit <mux2x1x4_MUSER_main> synthesized.

Synthesizing Unit <mux4x1x4_MUSER_main>.
    Related source file is "/home/phuwit/Programming/KMITL-DigitalSystemsFundamentals/MockExam/Problem2/main.vf".
    Set property "HU_SET = XLXI_1_73" for instance <XLXI_1>.
    Set property "HU_SET = XLXI_2_74" for instance <XLXI_2>.
    Set property "HU_SET = XLXI_3_75" for instance <XLXI_3>.
    Set property "HU_SET = XLXI_4_76" for instance <XLXI_4>.
    Summary:
	no macro.
Unit <mux4x1x4_MUSER_main> synthesized.

Synthesizing Unit <counter0_5_MUSER_main>.
    Related source file is "/home/phuwit/Programming/KMITL-DigitalSystemsFundamentals/MockExam/Problem2/main.vf".
    Set property "HU_SET = FLIPFLOP_A_54" for instance <FlipFlop_A>.
    Set property "HU_SET = FLIPFLOP_B_55" for instance <FlipFlop_B>.
    Set property "HU_SET = FLIPFLOP_C_56" for instance <FlipFlop_C>.
    Summary:
	no macro.
Unit <counter0_5_MUSER_main> synthesized.

Synthesizing Unit <FJKCE_HXILINX_main>.
    Related source file is "/home/phuwit/Programming/KMITL-DigitalSystemsFundamentals/MockExam/Problem2/main.vf".
        INIT = 1'b0
    Found 1-bit register for signal <Q>.
    Summary:
	inferred   1 D-type flip-flop(s).
	inferred   2 Multiplexer(s).
Unit <FJKCE_HXILINX_main> synthesized.

Synthesizing Unit <wtb8_MUSER_main>.
    Related source file is "/home/phuwit/Programming/KMITL-DigitalSystemsFundamentals/MockExam/Problem2/main.vf".
    Summary:
	no macro.
Unit <wtb8_MUSER_main> synthesized.

Synthesizing Unit <clkdiv10M_MUSER_main>.
    Related source file is "/home/phuwit/Programming/KMITL-DigitalSystemsFundamentals/MockExam/Problem2/main.vf".
    Set property "HU_SET = XLXI_1_47" for instance <XLXI_1>.
    Set property "HU_SET = XLXI_14_48" for instance <XLXI_14>.
    Set property "HU_SET = XLXI_17_49" for instance <XLXI_17>.
    Set property "HU_SET = XLXI_22_50" for instance <XLXI_22>.
    Set property "HU_SET = XLXI_25_51" for instance <XLXI_25>.
    Set property "HU_SET = XLXI_28_52" for instance <XLXI_28>.
    Set property "HU_SET = XLXI_31_53" for instance <XLXI_31>.
INFO:Xst:3210 - "/home/phuwit/Programming/KMITL-DigitalSystemsFundamentals/MockExam/Problem2/main.vf" line 244: Output port <Q0> of the instance <XLXI_1> is unconnected or connected to loadless signal.
INFO:Xst:3210 - "/home/phuwit/Programming/KMITL-DigitalSystemsFundamentals/MockExam/Problem2/main.vf" line 244: Output port <Q1> of the instance <XLXI_1> is unconnected or connected to loadless signal.
INFO:Xst:3210 - "/home/phuwit/Programming/KMITL-DigitalSystemsFundamentals/MockExam/Problem2/main.vf" line 244: Output port <Q2> of the instance <XLXI_1> is unconnected or connected to loadless signal.
INFO:Xst:3210 - "/home/phuwit/Programming/KMITL-DigitalSystemsFundamentals/MockExam/Problem2/main.vf" line 244: Output port <Q3> of the instance <XLXI_1> is unconnected or connected to loadless signal.
INFO:Xst:3210 - "/home/phuwit/Programming/KMITL-DigitalSystemsFundamentals/MockExam/Problem2/main.vf" line 244: Output port <TC> of the instance <XLXI_1> is unconnected or connected to loadless signal.
INFO:Xst:3210 - "/home/phuwit/Programming/KMITL-DigitalSystemsFundamentals/MockExam/Problem2/main.vf" line 256: Output port <Q0> of the instance <XLXI_14> is unconnected or connected to loadless signal.
INFO:Xst:3210 - "/home/phuwit/Programming/KMITL-DigitalSystemsFundamentals/MockExam/Problem2/main.vf" line 256: Output port <Q1> of the instance <XLXI_14> is unconnected or connected to loadless signal.
INFO:Xst:3210 - "/home/phuwit/Programming/KMITL-DigitalSystemsFundamentals/MockExam/Problem2/main.vf" line 256: Output port <Q2> of the instance <XLXI_14> is unconnected or connected to loadless signal.
INFO:Xst:3210 - "/home/phuwit/Programming/KMITL-DigitalSystemsFundamentals/MockExam/Problem2/main.vf" line 256: Output port <Q3> of the instance <XLXI_14> is unconnected or connected to loadless signal.
INFO:Xst:3210 - "/home/phuwit/Programming/KMITL-DigitalSystemsFundamentals/MockExam/Problem2/main.vf" line 256: Output port <TC> of the instance <XLXI_14> is unconnected or connected to loadless signal.
INFO:Xst:3210 - "/home/phuwit/Programming/KMITL-DigitalSystemsFundamentals/MockExam/Problem2/main.vf" line 266: Output port <Q0> of the instance <XLXI_17> is unconnected or connected to loadless signal.
INFO:Xst:3210 - "/home/phuwit/Programming/KMITL-DigitalSystemsFundamentals/MockExam/Problem2/main.vf" line 266: Output port <Q1> of the instance <XLXI_17> is unconnected or connected to loadless signal.
INFO:Xst:3210 - "/home/phuwit/Programming/KMITL-DigitalSystemsFundamentals/MockExam/Problem2/main.vf" line 266: Output port <Q2> of the instance <XLXI_17> is unconnected or connected to loadless signal.
INFO:Xst:3210 - "/home/phuwit/Programming/KMITL-DigitalSystemsFundamentals/MockExam/Problem2/main.vf" line 266: Output port <Q3> of the instance <XLXI_17> is unconnected or connected to loadless signal.
INFO:Xst:3210 - "/home/phuwit/Programming/KMITL-DigitalSystemsFundamentals/MockExam/Problem2/main.vf" line 266: Output port <TC> of the instance <XLXI_17> is unconnected or connected to loadless signal.
INFO:Xst:3210 - "/home/phuwit/Programming/KMITL-DigitalSystemsFundamentals/MockExam/Problem2/main.vf" line 276: Output port <Q0> of the instance <XLXI_22> is unconnected or connected to loadless signal.
INFO:Xst:3210 - "/home/phuwit/Programming/KMITL-DigitalSystemsFundamentals/MockExam/Problem2/main.vf" line 276: Output port <Q1> of the instance <XLXI_22> is unconnected or connected to loadless signal.
INFO:Xst:3210 - "/home/phuwit/Programming/KMITL-DigitalSystemsFundamentals/MockExam/Problem2/main.vf" line 276: Output port <Q2> of the instance <XLXI_22> is unconnected or connected to loadless signal.
INFO:Xst:3210 - "/home/phuwit/Programming/KMITL-DigitalSystemsFundamentals/MockExam/Problem2/main.vf" line 276: Output port <Q3> of the instance <XLXI_22> is unconnected or connected to loadless signal.
INFO:Xst:3210 - "/home/phuwit/Programming/KMITL-DigitalSystemsFundamentals/MockExam/Problem2/main.vf" line 276: Output port <TC> of the instance <XLXI_22> is unconnected or connected to loadless signal.
INFO:Xst:3210 - "/home/phuwit/Programming/KMITL-DigitalSystemsFundamentals/MockExam/Problem2/main.vf" line 286: Output port <Q0> of the instance <XLXI_25> is unconnected or connected to loadless signal.
INFO:Xst:3210 - "/home/phuwit/Programming/KMITL-DigitalSystemsFundamentals/MockExam/Problem2/main.vf" line 286: Output port <Q1> of the instance <XLXI_25> is unconnected or connected to loadless signal.
INFO:Xst:3210 - "/home/phuwit/Programming/KMITL-DigitalSystemsFundamentals/MockExam/Problem2/main.vf" line 286: Output port <Q2> of the instance <XLXI_25> is unconnected or connected to loadless signal.
INFO:Xst:3210 - "/home/phuwit/Programming/KMITL-DigitalSystemsFundamentals/MockExam/Problem2/main.vf" line 286: Output port <Q3> of the instance <XLXI_25> is unconnected or connected to loadless signal.
INFO:Xst:3210 - "/home/phuwit/Programming/KMITL-DigitalSystemsFundamentals/MockExam/Problem2/main.vf" line 286: Output port <TC> of the instance <XLXI_25> is unconnected or connected to loadless signal.
INFO:Xst:3210 - "/home/phuwit/Programming/KMITL-DigitalSystemsFundamentals/MockExam/Problem2/main.vf" line 296: Output port <Q0> of the instance <XLXI_28> is unconnected or connected to loadless signal.
INFO:Xst:3210 - "/home/phuwit/Programming/KMITL-DigitalSystemsFundamentals/MockExam/Problem2/main.vf" line 296: Output port <Q1> of the instance <XLXI_28> is unconnected or connected to loadless signal.
INFO:Xst:3210 - "/home/phuwit/Programming/KMITL-DigitalSystemsFundamentals/MockExam/Problem2/main.vf" line 296: Output port <Q2> of the instance <XLXI_28> is unconnected or connected to loadless signal.
INFO:Xst:3210 - "/home/phuwit/Programming/KMITL-DigitalSystemsFundamentals/MockExam/Problem2/main.vf" line 296: Output port <Q3> of the instance <XLXI_28> is unconnected or connected to loadless signal.
INFO:Xst:3210 - "/home/phuwit/Programming/KMITL-DigitalSystemsFundamentals/MockExam/Problem2/main.vf" line 296: Output port <TC> of the instance <XLXI_28> is unconnected or connected to loadless signal.
INFO:Xst:3210 - "/home/phuwit/Programming/KMITL-DigitalSystemsFundamentals/MockExam/Problem2/main.vf" line 306: Output port <CEO> of the instance <XLXI_31> is unconnected or connected to loadless signal.
INFO:Xst:3210 - "/home/phuwit/Programming/KMITL-DigitalSystemsFundamentals/MockExam/Problem2/main.vf" line 306: Output port <Q0> of the instance <XLXI_31> is unconnected or connected to loadless signal.
INFO:Xst:3210 - "/home/phuwit/Programming/KMITL-DigitalSystemsFundamentals/MockExam/Problem2/main.vf" line 306: Output port <Q1> of the instance <XLXI_31> is unconnected or connected to loadless signal.
INFO:Xst:3210 - "/home/phuwit/Programming/KMITL-DigitalSystemsFundamentals/MockExam/Problem2/main.vf" line 306: Output port <Q2> of the instance <XLXI_31> is unconnected or connected to loadless signal.
INFO:Xst:3210 - "/home/phuwit/Programming/KMITL-DigitalSystemsFundamentals/MockExam/Problem2/main.vf" line 306: Output port <Q3> of the instance <XLXI_31> is unconnected or connected to loadless signal.
    Summary:
	no macro.
Unit <clkdiv10M_MUSER_main> synthesized.

=========================================================================
HDL Synthesis Report

Macro Statistics
# Adders/Subtractors                                   : 17
 2-bit adder                                           : 6
 4-bit adder                                           : 11
# Registers                                            : 59
 1-bit register                                        : 59
# Multiplexers                                         : 251
 1-bit 2-to-1 multiplexer                              : 191
 1-bit 4-to-1 multiplexer                              : 60

=========================================================================

=========================================================================
*                       Advanced HDL Synthesis                          *
=========================================================================


=========================================================================
Advanced HDL Synthesis Report

Macro Statistics
# Adders/Subtractors                                   : 17
 2-bit adder                                           : 6
 4-bit adder                                           : 11
# Registers                                            : 60
 Flip-Flops                                            : 60
# Multiplexers                                         : 227
 1-bit 2-to-1 multiplexer                              : 167
 1-bit 4-to-1 multiplexer                              : 60

=========================================================================

=========================================================================
*                         Low Level Synthesis                           *
=========================================================================

Optimizing unit <mux4x1x8_MUSER_main> ...

Optimizing unit <btw8_MUSER_main> ...

Optimizing unit <counter0_5_MUSER_main> ...

Optimizing unit <wtb8_MUSER_main> ...

Optimizing unit <XLXI_22/XLXI_144> ...

Optimizing unit <XLXI_22/XLXI_145> ...

Optimizing unit <XLXI_22/XLXI_146> ...

Optimizing unit <XLXI_22/XLXI_147> ...

Optimizing unit <XLXI_12/XLXI_144> ...

Optimizing unit <XLXI_12/XLXI_145> ...

Optimizing unit <XLXI_12/XLXI_146> ...

Optimizing unit <XLXI_12/XLXI_147> ...

Optimizing unit <main> ...

Optimizing unit <CD4CE_HXILINX_main> ...

Optimizing unit <M4_1E_HXILINX_main> ...

Optimizing unit <CB2CE_HXILINX_main> ...

Optimizing unit <D2_4E_HXILINX_main> ...

Optimizing unit <FJKCE_HXILINX_main> ...

Optimizing unit <XLXI_12> ...

Optimizing unit <XLXI_11> ...

Optimizing unit <XLXI_10> ...

Optimizing unit <XLXI_9> ...

Optimizing unit <XLXI_8> ...

Optimizing unit <XLXI_7> ...

Optimizing unit <XLXI_2> ...

Optimizing unit <XLXI_1> ...

Optimizing unit <mux2x1x8_MUSER_main> ...

Mapping all equations...
Building and optimizing final netlist ...
Found area constraint ratio of 100 (+ 5) on block main, actual ratio is 0.

Final Macro Processing ...

=========================================================================
Final Register Report

Macro Statistics
# Registers                                            : 60
 Flip-Flops                                            : 60

=========================================================================

=========================================================================
*                           Partition Report                            *
=========================================================================

Partition Implementation Status
-------------------------------

  No Partitions were found in this design.

-------------------------------

=========================================================================
*                            Design Summary                             *
=========================================================================

Top Level Output File Name         : main.ngc

Primitive and Black Box Usage:
------------------------------
# BELS                             : 311
#      AND2                        : 3
#      AND3                        : 1
#      BUF                         : 96
#      GND                         : 1
#      INV                         : 47
#      LUT2                        : 32
#      LUT3                        : 48
#      LUT4                        : 63
#      LUT5                        : 7
#      LUT6                        : 12
#      VCC                         : 1
# FlipFlops/Latches                : 60
#      FD_1                        : 1
#      FDC                         : 1
#      FDCE                        : 58
# Clock Buffers                    : 1
#      BUFGP                       : 1
# IO Buffers                       : 12
#      OBUF                        : 12

Device utilization summary:
---------------------------

Selected Device : 6slx9tqg144-3 


Slice Logic Utilization: 
 Number of Slice Registers:              60  out of  11440     0%  
 Number of Slice LUTs:                  209  out of   5720     3%  
    Number used as Logic:               209  out of   5720     3%  

Slice Logic Distribution: 
 Number of LUT Flip Flop pairs used:    269
   Number with an unused Flip Flop:     209  out of    269    77%  
   Number with an unused LUT:            60  out of    269    22%  
   Number of fully used LUT-FF pairs:     0  out of    269     0%  
   Number of unique control sets:        21

IO Utilization: 
 Number of IOs:                          13
 Number of bonded IOBs:                  13  out of    102    12%  

Specific Feature Utilization:
 Number of BUFG/BUFGCTRLs:                1  out of     16     6%  

---------------------------
Partition Resource Summary:
---------------------------

  No Partitions were found in this design.

---------------------------


=========================================================================
Timing Report

NOTE: THESE TIMING NUMBERS ARE ONLY A SYNTHESIS ESTIMATE.
      FOR ACCURATE TIMING INFORMATION PLEASE REFER TO THE TRACE REPORT
      GENERATED AFTER PLACE-and-ROUTE.

Clock Information:
------------------
-------------------------------------------------+------------------------------+-------+
Clock Signal                                     | Clock buffer(FF name)        | Load  |
-------------------------------------------------+------------------------------+-------+
XLXI_3/XLXI_22/TC(XLXI_3/XLXI_22/Mmux_TC11:O)    | NONE(*)(XLXI_3/XLXI_10)      | 1     |
OSC                                              | BUFGP                        | 44    |
XLXN_91                                          | NONE(XLXI_4/XLXI_162/Q0)     | 12    |
XLXI_103/XLXI_31/TC(XLXI_103/XLXI_31/Mmux_TC11:O)| NONE(*)(XLXI_23/FlipFlop_C/Q)| 3     |
-------------------------------------------------+------------------------------+-------+
(*) These 2 clock signal(s) are generated by combinatorial logic,
and XST is not able to identify which are the primary clock signals.
Please use the CLOCK_SIGNAL constraint to specify the clock signal(s) generated by combinatorial logic.
INFO:Xst:2169 - HDL ADVISOR - Some clock signals were not automatically buffered by XST with BUFG/BUFR resources. Please use the buffer_type constraint in order to insert these buffers to the clock signals to help prevent skew problems.

Asynchronous Control Signals Information:
----------------------------------------
No asynchronous control signals found in this design

Timing Summary:
---------------
Speed Grade: -3

   Minimum period: 7.153ns (Maximum Frequency: 139.805MHz)
   Minimum input arrival time before clock: No path found
   Maximum output required time after clock: 8.166ns
   Maximum combinational path delay: No path found

Timing Details:
---------------
All values displayed in nanoseconds (ns)

=========================================================================
Timing constraint: Default period analysis for Clock 'XLXI_3/XLXI_22/TC'
  Clock period: 2.628ns (frequency: 380.474MHz)
  Total number of paths / destination ports: 1 / 1
-------------------------------------------------------------------------
Delay:               2.628ns (Levels of Logic = 1)
  Source:            XLXI_3/XLXI_10 (FF)
  Destination:       XLXI_3/XLXI_10 (FF)
  Source Clock:      XLXI_3/XLXI_22/TC falling
  Destination Clock: XLXI_3/XLXI_22/TC falling

  Data Path: XLXI_3/XLXI_10 to XLXI_3/XLXI_10
                                Gate     Net
    Cell:in->out      fanout   Delay   Delay  Logical Name (Net Name)
    ----------------------------------------  ------------
     FD_1:C->Q            13   0.447   0.932  XLXI_3/XLXI_10 (XLXN_91)
     INV:I->O              1   0.568   0.579  XLXI_3/XLXI_11 (XLXI_3/XLXN_11)
     FD_1:D                    0.102          XLXI_3/XLXI_10
    ----------------------------------------
    Total                      2.628ns (1.117ns logic, 1.511ns route)
                                       (42.5% logic, 57.5% route)

=========================================================================
Timing constraint: Default period analysis for Clock 'OSC'
  Clock period: 7.153ns (frequency: 139.805MHz)
  Total number of paths / destination ports: 553 / 80
-------------------------------------------------------------------------
Delay:               7.153ns (Levels of Logic = 12)
  Source:            XLXI_103/XLXI_1/Q3 (FF)
  Destination:       XLXI_103/XLXI_31/Q3 (FF)
  Source Clock:      OSC falling
  Destination Clock: OSC falling

  Data Path: XLXI_103/XLXI_1/Q3 to XLXI_103/XLXI_31/Q3
                                Gate     Net
    Cell:in->out      fanout   Delay   Delay  Logical Name (Net Name)
    ----------------------------------------  ------------
     FDCE:C->Q             3   0.447   0.898  Q3 (Q3)
     LUT4:I0->O            5   0.203   0.715  Mmux_TC11 (TC)
     end scope: 'XLXI_103/XLXI_1:CEO'
     begin scope: 'XLXI_103/XLXI_14:CE'
     LUT5:I4->O            5   0.205   0.715  CEO1 (CEO)
     end scope: 'XLXI_103/XLXI_14:CEO'
     begin scope: 'XLXI_103/XLXI_17:CE'
     LUT5:I4->O            5   0.205   0.715  CEO1 (CEO)
     end scope: 'XLXI_103/XLXI_17:CEO'
     begin scope: 'XLXI_103/XLXI_22:CE'
     LUT5:I4->O            5   0.205   0.715  CEO1 (CEO)
     end scope: 'XLXI_103/XLXI_22:CEO'
     begin scope: 'XLXI_103/XLXI_25:CE'
     LUT5:I4->O            5   0.205   0.715  CEO1 (CEO)
     end scope: 'XLXI_103/XLXI_25:CEO'
     begin scope: 'XLXI_103/XLXI_28:CE'
     LUT5:I4->O            4   0.205   0.683  CEO1 (CEO)
     end scope: 'XLXI_103/XLXI_28:CEO'
     begin scope: 'XLXI_103/XLXI_31:CE'
     FDCE:CE                   0.322          Q3
    ----------------------------------------
    Total                      7.153ns (1.997ns logic, 5.156ns route)
                                       (27.9% logic, 72.1% route)

=========================================================================
Timing constraint: Default period analysis for Clock 'XLXN_91'
  Clock period: 2.291ns (frequency: 436.500MHz)
  Total number of paths / destination ports: 18 / 12
-------------------------------------------------------------------------
Delay:               2.291ns (Levels of Logic = 1)
  Source:            XLXI_4/XLXI_162/Q0 (FF)
  Destination:       XLXI_4/XLXI_162/Q0 (FF)
  Source Clock:      XLXN_91 rising
  Destination Clock: XLXN_91 rising

  Data Path: XLXI_4/XLXI_162/Q0 to XLXI_4/XLXI_162/Q0
                                Gate     Net
    Cell:in->out      fanout   Delay   Delay  Logical Name (Net Name)
    ----------------------------------------  ------------
     FDCE:C->Q            14   0.447   0.957  Q0 (Q0)
     INV:I->O              1   0.206   0.579  Madd_Q1_GND_9_o_add_0_OUT_xor<0>11_INV_0 (Q1_GND_9_o_add_0_OUT<0>)
     FDCE:D                    0.102          Q0
    ----------------------------------------
    Total                      2.291ns (0.755ns logic, 1.536ns route)
                                       (33.0% logic, 67.0% route)

=========================================================================
Timing constraint: Default period analysis for Clock 'XLXI_103/XLXI_31/TC'
  Clock period: 4.968ns (frequency: 201.294MHz)
  Total number of paths / destination ports: 15 / 5
-------------------------------------------------------------------------
Delay:               4.968ns (Levels of Logic = 4)
  Source:            XLXI_23/FlipFlop_C/Q (FF)
  Destination:       XLXI_23/FlipFlop_B/Q (FF)
  Source Clock:      XLXI_103/XLXI_31/TC rising
  Destination Clock: XLXI_103/XLXI_31/TC rising

  Data Path: XLXI_23/FlipFlop_C/Q to XLXI_23/FlipFlop_B/Q
                                Gate     Net
    Cell:in->out      fanout   Delay   Delay  Logical Name (Net Name)
    ----------------------------------------  ------------
     FDCE:C->Q            15   0.447   0.981  Q (Q)
     end scope: 'XLXI_23/FlipFlop_C:Q'
     INV:I->O              1   0.568   0.924  XLXI_23/XLXI_4 (XLXI_23/XLXN_4)
     AND2:I1->O            2   0.223   0.721  XLXI_23/XLXI_3 (XLXI_23/XLXN_3)
     begin scope: 'XLXI_23/FlipFlop_B:J'
     LUT2:I0->O            1   0.203   0.579  _n0012_inv1 (_n0012_inv)
     FDCE:CE                   0.322          Q
    ----------------------------------------
    Total                      4.968ns (1.763ns logic, 3.205ns route)
                                       (35.5% logic, 64.5% route)

=========================================================================
Timing constraint: Default OFFSET OUT AFTER for Clock 'XLXN_91'
  Total number of paths / destination ports: 144 / 12
-------------------------------------------------------------------------
Offset:              8.166ns (Levels of Logic = 9)
  Source:            XLXI_7/XLXI_162/Q0 (FF)
  Destination:       SSD_Segment<7> (PAD)
  Source Clock:      XLXN_91 rising

  Data Path: XLXI_7/XLXI_162/Q0 to SSD_Segment<7>
                                Gate     Net
    Cell:in->out      fanout   Delay   Delay  Logical Name (Net Name)
    ----------------------------------------  ------------
     FDCE:C->Q            14   0.447   1.205  Q0 (Q0)
     end scope: 'XLXI_7/XLXI_162:Q0'
     begin scope: 'XLXI_7/XLXI_217/XLXI_8:S0'
     LUT4:I0->O            1   0.203   0.579  Mmux_O11 (O)
     end scope: 'XLXI_7/XLXI_217/XLXI_8:O'
     BUF:I->O              1   0.568   0.924  XLXI_7/XLXI_216/XLXI_8 (XLXN_80<7>)
     begin scope: 'XLXI_10/XLXI_8:D3'
     LUT6:I1->O            1   0.203   0.684  Mmux_O11 (O)
     end scope: 'XLXI_10/XLXI_8:O'
     begin scope: 'XLXI_20/XLXI_12:D0'
     LUT3:I1->O            1   0.203   0.579  Mmux_O11 (O)
     end scope: 'XLXI_20/XLXI_12:O'
     OBUF:I->O                 2.571          SSD_Segment_7_OBUF (SSD_Segment<7>)
    ----------------------------------------
    Total                      8.166ns (4.195ns logic, 3.970ns route)
                                       (51.4% logic, 48.6% route)

=========================================================================
Timing constraint: Default OFFSET OUT AFTER for Clock 'XLXI_103/XLXI_31/TC'
  Total number of paths / destination ports: 48 / 12
-------------------------------------------------------------------------
Offset:              6.343ns (Levels of Logic = 6)
  Source:            XLXI_23/FlipFlop_A/Q (FF)
  Destination:       SSD_Segment<7> (PAD)
  Source Clock:      XLXI_103/XLXI_31/TC rising

  Data Path: XLXI_23/FlipFlop_A/Q to SSD_Segment<7>
                                Gate     Net
    Cell:in->out      fanout   Delay   Delay  Logical Name (Net Name)
    ----------------------------------------  ------------
     FDC:C->Q             32   0.447   1.656  Q (Q)
     end scope: 'XLXI_23/FlipFlop_A:Q'
     begin scope: 'XLXI_10/XLXI_8:S0'
     LUT6:I0->O            1   0.203   0.684  Mmux_O11 (O)
     end scope: 'XLXI_10/XLXI_8:O'
     begin scope: 'XLXI_20/XLXI_12:D0'
     LUT3:I1->O            1   0.203   0.579  Mmux_O11 (O)
     end scope: 'XLXI_20/XLXI_12:O'
     OBUF:I->O                 2.571          SSD_Segment_7_OBUF (SSD_Segment<7>)
    ----------------------------------------
    Total                      6.343ns (3.424ns logic, 2.919ns route)
                                       (54.0% logic, 46.0% route)

=========================================================================

Cross Clock Domains Report:
--------------------------

Clock to Setup on destination clock OSC
---------------+---------+---------+---------+---------+
               | Src:Rise| Src:Fall| Src:Rise| Src:Fall|
Source Clock   |Dest:Rise|Dest:Rise|Dest:Fall|Dest:Fall|
---------------+---------+---------+---------+---------+
OSC            |         |         |    7.153|         |
---------------+---------+---------+---------+---------+

Clock to Setup on destination clock XLXI_103/XLXI_31/TC
-------------------+---------+---------+---------+---------+
                   | Src:Rise| Src:Fall| Src:Rise| Src:Fall|
Source Clock       |Dest:Rise|Dest:Rise|Dest:Fall|Dest:Fall|
-------------------+---------+---------+---------+---------+
XLXI_103/XLXI_31/TC|    4.968|         |         |         |
-------------------+---------+---------+---------+---------+

Clock to Setup on destination clock XLXI_3/XLXI_22/TC
-----------------+---------+---------+---------+---------+
                 | Src:Rise| Src:Fall| Src:Rise| Src:Fall|
Source Clock     |Dest:Rise|Dest:Rise|Dest:Fall|Dest:Fall|
-----------------+---------+---------+---------+---------+
XLXI_3/XLXI_22/TC|         |         |    2.628|         |
-----------------+---------+---------+---------+---------+

Clock to Setup on destination clock XLXN_91
---------------+---------+---------+---------+---------+
               | Src:Rise| Src:Fall| Src:Rise| Src:Fall|
Source Clock   |Dest:Rise|Dest:Rise|Dest:Fall|Dest:Fall|
---------------+---------+---------+---------+---------+
XLXN_91        |    2.291|         |         |         |
---------------+---------+---------+---------+---------+

=========================================================================


Total REAL time to Xst completion: 2.00 secs
Total CPU time to Xst completion: 1.90 secs
 
--> 


Total memory usage is 371964 kilobytes

Number of errors   :    0 (   0 filtered)
Number of warnings :    2 (   0 filtered)
Number of infos    :   60 (   0 filtered)

