--------------------------------------------------------------------------------
Release 14.7 Trace  (lin64)
Copyright (c) 1995-2013 Xilinx, Inc.  All rights reserved.

/opt/Xilinx/14.7/ISE_DS/ISE/bin/lin64/unwrapped/trce -intstyle ise -v 3 -s 3 -n
3 -fastpaths -xml main.twx main.ncd -o main.twr main.pcf -ucf main.ucf

Design file:              main.ncd
Physical constraint file: main.pcf
Device,package,speed:     xc6slx9,tqg144,C,-3 (PRODUCTION 1.23 2013-10-13)
Report level:             verbose report

Environment Variable      Effect 
--------------------      ------ 
NONE                      No environment variables were set
--------------------------------------------------------------------------------

INFO:Timing:2698 - No timing constraints found, doing default enumeration.
INFO:Timing:3412 - To improve timing, see the Timing Closure User Guide (UG612).
INFO:Timing:2752 - To get complete path coverage, use the unconstrained paths 
   option. All paths that are not constrained will be reported in the 
   unconstrained paths section(s) of the report.
INFO:Timing:3339 - The clock-to-out numbers in this timing report are based on 
   a 50 Ohm transmission line loading model.  For the details of this model, 
   and for more information on accounting for different loading conditions, 
   please see the device datasheet.



Data Sheet report:
-----------------
All values displayed in nanoseconds (ns)

Clock BTN1 to Pad
------------+-----------------+------------+-----------------+------------+------------------+--------+
            |Max (slowest) clk|  Process   |Min (fastest) clk|  Process   |                  | Clock  |
Destination |  (edge) to PAD  |   Corner   |  (edge) to PAD  |   Corner   |Internal Clock(s) | Phase  |
------------+-----------------+------------+-----------------+------------+------------------+--------+
LED<0>      |        11.473(R)|      SLOW  |         6.347(R)|      FAST  |BTN1_BUFGP        |   0.000|
LED<1>      |        11.377(R)|      SLOW  |         6.328(R)|      FAST  |BTN1_BUFGP        |   0.000|
LED<2>      |        11.520(R)|      SLOW  |         6.387(R)|      FAST  |BTN1_BUFGP        |   0.000|
LED<3>      |        11.696(R)|      SLOW  |         6.512(R)|      FAST  |BTN1_BUFGP        |   0.000|
SSD_SEG<0>  |        14.220(R)|      SLOW  |         7.276(R)|      FAST  |BTN1_BUFGP        |   0.000|
SSD_SEG<1>  |        14.558(R)|      SLOW  |         7.486(R)|      FAST  |BTN1_BUFGP        |   0.000|
SSD_SEG<2>  |        14.730(R)|      SLOW  |         7.615(R)|      FAST  |BTN1_BUFGP        |   0.000|
SSD_SEG<3>  |        15.256(R)|      SLOW  |         7.828(R)|      FAST  |BTN1_BUFGP        |   0.000|
SSD_SEG<4>  |        14.952(R)|      SLOW  |         7.756(R)|      FAST  |BTN1_BUFGP        |   0.000|
SSD_SEG<5>  |        15.167(R)|      SLOW  |         8.029(R)|      FAST  |BTN1_BUFGP        |   0.000|
SSD_SEG<6>  |        14.821(R)|      SLOW  |         7.797(R)|      FAST  |BTN1_BUFGP        |   0.000|
------------+-----------------+------------+-----------------+------------+------------------+--------+

Clock to Setup on destination clock BTN1
---------------+---------+---------+---------+---------+
               | Src:Rise| Src:Fall| Src:Rise| Src:Fall|
Source Clock   |Dest:Rise|Dest:Rise|Dest:Fall|Dest:Fall|
---------------+---------+---------+---------+---------+
BTN1           |    1.258|         |         |         |
---------------+---------+---------+---------+---------+

Clock to Setup on destination clock OSC
---------------+---------+---------+---------+---------+
               | Src:Rise| Src:Fall| Src:Rise| Src:Fall|
Source Clock   |Dest:Rise|Dest:Rise|Dest:Fall|Dest:Fall|
---------------+---------+---------+---------+---------+
OSC            |    1.760|         |    1.220|         |
---------------+---------+---------+---------+---------+

Pad to Pad
---------------+---------------+---------+
Source Pad     |Destination Pad|  Delay  |
---------------+---------------+---------+
DIP<0>         |SSD_SEG<0>     |   12.680|
DIP<0>         |SSD_SEG<1>     |   13.018|
DIP<0>         |SSD_SEG<2>     |   13.279|
DIP<0>         |SSD_SEG<3>     |   13.805|
DIP<0>         |SSD_SEG<4>     |   13.490|
DIP<0>         |SSD_SEG<5>     |   13.747|
DIP<0>         |SSD_SEG<6>     |   13.392|
DIP<1>         |SSD_SEG<0>     |   12.990|
DIP<1>         |SSD_SEG<1>     |   13.328|
DIP<1>         |SSD_SEG<2>     |   13.595|
DIP<1>         |SSD_SEG<3>     |   14.121|
DIP<1>         |SSD_SEG<4>     |   13.806|
DIP<1>         |SSD_SEG<5>     |   13.937|
DIP<1>         |SSD_SEG<6>     |   13.591|
DIP<2>         |SSD_SEG<0>     |   12.647|
DIP<2>         |SSD_SEG<1>     |   12.985|
DIP<2>         |SSD_SEG<2>     |   13.248|
DIP<2>         |SSD_SEG<3>     |   13.774|
DIP<2>         |SSD_SEG<4>     |   13.459|
DIP<2>         |SSD_SEG<5>     |   13.594|
DIP<2>         |SSD_SEG<6>     |   13.248|
DIP<3>         |SSD_SEG<0>     |   11.968|
DIP<3>         |SSD_SEG<1>     |   12.698|
DIP<3>         |SSD_SEG<2>     |   13.295|
DIP<3>         |SSD_SEG<3>     |   13.821|
DIP<3>         |SSD_SEG<4>     |   13.506|
DIP<3>         |SSD_SEG<5>     |   13.447|
DIP<3>         |SSD_SEG<6>     |   13.242|
DIP<4>         |SSD_SEG<0>     |   12.110|
DIP<4>         |SSD_SEG<1>     |   12.840|
DIP<4>         |SSD_SEG<2>     |   13.437|
DIP<4>         |SSD_SEG<3>     |   13.963|
DIP<4>         |SSD_SEG<4>     |   13.648|
DIP<4>         |SSD_SEG<5>     |   13.589|
DIP<4>         |SSD_SEG<6>     |   13.384|
DIP<5>         |SSD_SEG<0>     |   12.477|
DIP<5>         |SSD_SEG<1>     |   13.207|
DIP<5>         |SSD_SEG<2>     |   13.804|
DIP<5>         |SSD_SEG<3>     |   14.330|
DIP<5>         |SSD_SEG<4>     |   14.015|
DIP<5>         |SSD_SEG<5>     |   13.956|
DIP<5>         |SSD_SEG<6>     |   13.751|
DIP<6>         |SSD_SEG<0>     |   12.410|
DIP<6>         |SSD_SEG<1>     |   13.140|
DIP<6>         |SSD_SEG<2>     |   13.737|
DIP<6>         |SSD_SEG<3>     |   14.263|
DIP<6>         |SSD_SEG<4>     |   13.948|
DIP<6>         |SSD_SEG<5>     |   13.889|
DIP<6>         |SSD_SEG<6>     |   13.684|
DIP<7>         |SSD_SEG<0>     |   12.295|
DIP<7>         |SSD_SEG<1>     |   13.025|
DIP<7>         |SSD_SEG<2>     |   13.622|
DIP<7>         |SSD_SEG<3>     |   14.148|
DIP<7>         |SSD_SEG<4>     |   13.833|
DIP<7>         |SSD_SEG<5>     |   13.774|
DIP<7>         |SSD_SEG<6>     |   13.569|
SW<0>          |SSD_SEG<0>     |   13.130|
SW<0>          |SSD_SEG<1>     |   13.468|
SW<0>          |SSD_SEG<2>     |   13.829|
SW<0>          |SSD_SEG<3>     |   14.355|
SW<0>          |SSD_SEG<4>     |   14.040|
SW<0>          |SSD_SEG<5>     |   14.099|
SW<0>          |SSD_SEG<6>     |   13.776|
SW<1>          |SSD_SEG<0>     |   13.833|
SW<1>          |SSD_SEG<1>     |   14.171|
SW<1>          |SSD_SEG<2>     |   14.576|
SW<1>          |SSD_SEG<3>     |   15.102|
SW<1>          |SSD_SEG<4>     |   14.787|
SW<1>          |SSD_SEG<5>     |   14.780|
SW<1>          |SSD_SEG<6>     |   14.523|
SW<2>          |SSD_SEG<0>     |   13.422|
SW<2>          |SSD_SEG<1>     |   13.760|
SW<2>          |SSD_SEG<2>     |   14.253|
SW<2>          |SSD_SEG<3>     |   14.779|
SW<2>          |SSD_SEG<4>     |   14.464|
SW<2>          |SSD_SEG<5>     |   14.405|
SW<2>          |SSD_SEG<6>     |   14.200|
SW<3>          |SSD_SEG<0>     |   12.280|
SW<3>          |SSD_SEG<1>     |   13.010|
SW<3>          |SSD_SEG<2>     |   13.607|
SW<3>          |SSD_SEG<3>     |   14.133|
SW<3>          |SSD_SEG<4>     |   13.818|
SW<3>          |SSD_SEG<5>     |   13.759|
SW<3>          |SSD_SEG<6>     |   13.554|
SW<4>          |SSD_SEG<0>     |   12.124|
SW<4>          |SSD_SEG<1>     |   12.854|
SW<4>          |SSD_SEG<2>     |   13.451|
SW<4>          |SSD_SEG<3>     |   13.977|
SW<4>          |SSD_SEG<4>     |   13.662|
SW<4>          |SSD_SEG<5>     |   13.603|
SW<4>          |SSD_SEG<6>     |   13.398|
SW<5>          |SSD_SEG<0>     |   12.334|
SW<5>          |SSD_SEG<1>     |   13.064|
SW<5>          |SSD_SEG<2>     |   13.661|
SW<5>          |SSD_SEG<3>     |   14.187|
SW<5>          |SSD_SEG<4>     |   13.872|
SW<5>          |SSD_SEG<5>     |   13.813|
SW<5>          |SSD_SEG<6>     |   13.608|
SW<6>          |SSD_SEG<0>     |   12.390|
SW<6>          |SSD_SEG<1>     |   13.120|
SW<6>          |SSD_SEG<2>     |   13.717|
SW<6>          |SSD_SEG<3>     |   14.243|
SW<6>          |SSD_SEG<4>     |   13.928|
SW<6>          |SSD_SEG<5>     |   13.869|
SW<6>          |SSD_SEG<6>     |   13.664|
SW<7>          |SSD_SEG<0>     |   12.033|
SW<7>          |SSD_SEG<1>     |   12.763|
SW<7>          |SSD_SEG<2>     |   13.360|
SW<7>          |SSD_SEG<3>     |   13.886|
SW<7>          |SSD_SEG<4>     |   13.571|
SW<7>          |SSD_SEG<5>     |   13.512|
SW<7>          |SSD_SEG<6>     |   13.307|
---------------+---------------+---------+


Analysis completed Tue Sep 17 15:54:24 2024 
--------------------------------------------------------------------------------

Trace Settings:
-------------------------
Trace Settings 

Peak Memory Usage: 372 MB



