Release 14.7 - xst P.20131013 (lin64)
Copyright (c) 1995-2013 Xilinx, Inc.  All rights reserved.
--> 
Parameter TMPDIR set to xst/projnav.tmp


Total REAL time to Xst completion: 0.00 secs
Total CPU time to Xst completion: 0.03 secs
 
--> 
Parameter xsthdpdir set to xst


Total REAL time to Xst completion: 0.00 secs
Total CPU time to Xst completion: 0.03 secs
 
--> 
Reading design: main.prj

TABLE OF CONTENTS
  1) Synthesis Options Summary
  2) HDL Parsing
  3) HDL Elaboration
  4) HDL Synthesis
       4.1) HDL Synthesis Report
  5) Advanced HDL Synthesis
       5.1) Advanced HDL Synthesis Report
  6) Low Level Synthesis
  7) Partition Report
  8) Design Summary
       8.1) Primitive and Black Box Usage
       8.2) Device utilization summary
       8.3) Partition Resource Summary
       8.4) Timing Report
            8.4.1) Clock Information
            8.4.2) Asynchronous Control Signals Information
            8.4.3) Timing Summary
            8.4.4) Timing Details
            8.4.5) Cross Clock Domains Report


=========================================================================
*                      Synthesis Options Summary                        *
=========================================================================
---- Source Parameters
Input File Name                    : "main.prj"
Ignore Synthesis Constraint File   : NO

---- Target Parameters
Output File Name                   : "main"
Output Format                      : NGC
Target Device                      : xc6slx9-3-tqg144

---- Source Options
Top Module Name                    : main
Automatic FSM Extraction           : YES
FSM Encoding Algorithm             : Auto
Safe Implementation                : No
FSM Style                          : LUT
RAM Extraction                     : Yes
RAM Style                          : Auto
ROM Extraction                     : Yes
Shift Register Extraction          : YES
ROM Style                          : Auto
Resource Sharing                   : YES
Asynchronous To Synchronous        : NO
Shift Register Minimum Size        : 2
Use DSP Block                      : Auto
Automatic Register Balancing       : No

---- Target Options
LUT Combining                      : Auto
Reduce Control Sets                : Auto
Add IO Buffers                     : YES
Global Maximum Fanout              : 100000
Add Generic Clock Buffer(BUFG)     : 16
Register Duplication               : YES
Optimize Instantiated Primitives   : NO
Use Clock Enable                   : Auto
Use Synchronous Set                : Auto
Use Synchronous Reset              : Auto
Pack IO Registers into IOBs        : Auto
Equivalent register Removal        : YES

---- General Options
Optimization Goal                  : Speed
Optimization Effort                : 1
Power Reduction                    : NO
Keep Hierarchy                     : No
Netlist Hierarchy                  : As_Optimized
RTL Output                         : Yes
Global Optimization                : AllClockNets
Read Cores                         : YES
Write Timing Constraints           : NO
Cross Clock Analysis               : NO
Hierarchy Separator                : /
Bus Delimiter                      : <>
Case Specifier                     : Maintain
Slice Utilization Ratio            : 100
BRAM Utilization Ratio             : 100
DSP48 Utilization Ratio            : 100
Auto BRAM Packing                  : NO
Slice Utilization Ratio Delta      : 5

=========================================================================


=========================================================================
*                          HDL Parsing                                  *
=========================================================================
Analyzing Verilog file "/home/phuwit/Programming/KMITL-DigitalSystemsFundamentals/Lab8/SSEG_G.vf" into library work
Parsing module <SSEG_G>.
Analyzing Verilog file "/home/phuwit/Programming/KMITL-DigitalSystemsFundamentals/Lab8/SSEG_F.vf" into library work
Parsing module <SSEG_F>.
Analyzing Verilog file "/home/phuwit/Programming/KMITL-DigitalSystemsFundamentals/Lab8/SSEG_E.vf" into library work
Parsing module <SSEG_E>.
Analyzing Verilog file "/home/phuwit/Programming/KMITL-DigitalSystemsFundamentals/Lab8/SSEG_D.vf" into library work
Parsing module <SSEG_D>.
Analyzing Verilog file "/home/phuwit/Programming/KMITL-DigitalSystemsFundamentals/Lab8/SSEG_C.vf" into library work
Parsing module <SSEG_C>.
Analyzing Verilog file "/home/phuwit/Programming/KMITL-DigitalSystemsFundamentals/Lab8/SSEG_B.vf" into library work
Parsing module <SSEG_B>.
Analyzing Verilog file "/home/phuwit/Programming/KMITL-DigitalSystemsFundamentals/Lab8/SSEG_A.vf" into library work
Parsing module <OR6_HXILINX_SSEG_A>.
Parsing module <SSEG_A>.
Analyzing Verilog file "/home/phuwit/Programming/KMITL-DigitalSystemsFundamentals/Lab8/SSEG_DEC.vf" into library work
Parsing module <OR6_HXILINX_SSEG_DEC>.
Parsing module <SSEG_G_MUSER_SSEG_DEC>.
Parsing module <SSEG_F_MUSER_SSEG_DEC>.
Parsing module <SSEG_E_MUSER_SSEG_DEC>.
Parsing module <SSEG_D_MUSER_SSEG_DEC>.
Parsing module <SSEG_C_MUSER_SSEG_DEC>.
Parsing module <SSEG_B_MUSER_SSEG_DEC>.
Parsing module <SSEG_A_MUSER_SSEG_DEC>.
Parsing module <SSEG_DEC>.
Analyzing Verilog file "/home/phuwit/Programming/KMITL-DigitalSystemsFundamentals/Lab8/Mux4_Bus4_1E.vf" into library work
Parsing module <M4_1E_HXILINX_Mux4_Bus4_1E>.
Parsing module <Mux4_Bus4_1E>.
Analyzing Verilog file "/home/phuwit/Programming/KMITL-DigitalSystemsFundamentals/Lab8/Counter0_2.vf" into library work
Parsing module <FJKC_HXILINX_Counter0_2>.
Parsing module <Counter0_2>.
Analyzing Verilog file "/home/phuwit/Programming/KMITL-DigitalSystemsFundamentals/Lab8/Processor.vf" into library work
Parsing module <ADD8_HXILINX_Processor>.
Parsing module <Processor>.
Analyzing Verilog file "/home/phuwit/Programming/KMITL-DigitalSystemsFundamentals/Lab8/Displayer.vf" into library work
Parsing module <M4_1E_HXILINX_Displayer>.
Parsing module <FJKC_HXILINX_Displayer>.
Parsing module <Counter0_2_MUSER_Displayer>.
Parsing module <Mux4_Bus4_1E_MUSER_Displayer>.
Parsing module <Displayer>.
Analyzing Verilog file "/home/phuwit/Programming/KMITL-DigitalSystemsFundamentals/Lab8/Counter0_9.vf" into library work
Parsing module <CB4RE_HXILINX_Counter0_9>.
Parsing module <Counter0_9>.
Analyzing Verilog file "/home/phuwit/Programming/KMITL-DigitalSystemsFundamentals/Lab8/main.vf" into library work
Parsing module <ADD8_HXILINX_main>.
Parsing module <COMP8_HXILINX_main>.
Parsing module <M4_1E_HXILINX_main>.
Parsing module <FJKC_HXILINX_main>.
Parsing module <CB4RE_HXILINX_main>.
Parsing module <Counter0_9_MUSER_main>.
Parsing module <Counter0_2_MUSER_main>.
Parsing module <Mux4_Bus4_1E_MUSER_main>.
Parsing module <Displayer_MUSER_main>.
Parsing module <Processor_MUSER_main>.
Parsing module <main>.

=========================================================================
*                            HDL Elaboration                            *
=========================================================================

Elaborating module <main>.

Elaborating module <Processor_MUSER_main>.

Elaborating module <ADD8_HXILINX_main>.

Elaborating module <GND>.

Elaborating module <Displayer_MUSER_main>.

Elaborating module <SSEG_DEC>.

Elaborating module <SSEG_A_MUSER_SSEG_DEC>.

Elaborating module <AND2B2>.

Elaborating module <AND2>.

Elaborating module <OR6_HXILINX_SSEG_DEC>.

Elaborating module <AND3B2>.

Elaborating module <AND2B1>.

Elaborating module <AND3B1>.

Elaborating module <SSEG_B_MUSER_SSEG_DEC>.

Elaborating module <OR5>.

Elaborating module <AND3B3>.

Elaborating module <SSEG_C_MUSER_SSEG_DEC>.

Elaborating module <SSEG_D_MUSER_SSEG_DEC>.

Elaborating module <SSEG_E_MUSER_SSEG_DEC>.

Elaborating module <OR4>.

Elaborating module <SSEG_F_MUSER_SSEG_DEC>.

Elaborating module <SSEG_G_MUSER_SSEG_DEC>.

Elaborating module <AND3>.

Elaborating module <INV>.

Elaborating module <Mux4_Bus4_1E_MUSER_main>.

Elaborating module <M4_1E_HXILINX_main>.

Elaborating module <BUF>.

Elaborating module <VCC>.

Elaborating module <Counter0_2_MUSER_main>.

Elaborating module <FJKC_HXILINX_main>.

Elaborating module <NAND2B1>.

Elaborating module <NAND2B2>.

Elaborating module <Counter0_9_MUSER_main>.

Elaborating module <CB4RE_HXILINX_main>.
WARNING:HDLCompiler:413 - "/home/phuwit/Programming/KMITL-DigitalSystemsFundamentals/Lab8/main.vf" Line 148: Result of 5-bit expression is truncated to fit in 4-bit target.

Elaborating module <AND4B2>.

Elaborating module <COMP8_HXILINX_main>.

=========================================================================
*                           HDL Synthesis                               *
=========================================================================

Synthesizing Unit <main>.
    Related source file is "/home/phuwit/Programming/KMITL-DigitalSystemsFundamentals/Lab8/main.vf".
    Set property "HU_SET = XLXI_10_8" for instance <XLXI_10>.
INFO:Xst:3210 - "/home/phuwit/Programming/KMITL-DigitalSystemsFundamentals/Lab8/main.vf" line 398: Output port <Count> of the instance <XLXI_6> is unconnected or connected to loadless signal.
INFO:Xst:3210 - "/home/phuwit/Programming/KMITL-DigitalSystemsFundamentals/Lab8/main.vf" line 402: Output port <Count> of the instance <XLXI_7> is unconnected or connected to loadless signal.
INFO:Xst:3210 - "/home/phuwit/Programming/KMITL-DigitalSystemsFundamentals/Lab8/main.vf" line 406: Output port <Count> of the instance <XLXI_8> is unconnected or connected to loadless signal.
    Summary:
	no macro.
Unit <main> synthesized.

Synthesizing Unit <Processor_MUSER_main>.
    Related source file is "/home/phuwit/Programming/KMITL-DigitalSystemsFundamentals/Lab8/main.vf".
    Set property "HU_SET = XLXI_1_7" for instance <XLXI_1>.
INFO:Xst:3210 - "/home/phuwit/Programming/KMITL-DigitalSystemsFundamentals/Lab8/main.vf" line 356: Output port <OFL> of the instance <XLXI_1> is unconnected or connected to loadless signal.
    Summary:
	no macro.
Unit <Processor_MUSER_main> synthesized.

Synthesizing Unit <ADD8_HXILINX_main>.
    Related source file is "/home/phuwit/Programming/KMITL-DigitalSystemsFundamentals/Lab8/main.vf".
    Found 9-bit adder for signal <n0019> created at line 34.
    Found 9-bit adder for signal <n0010> created at line 34.
    Summary:
	inferred   2 Adder/Subtractor(s).
Unit <ADD8_HXILINX_main> synthesized.

Synthesizing Unit <Displayer_MUSER_main>.
    Related source file is "/home/phuwit/Programming/KMITL-DigitalSystemsFundamentals/Lab8/main.vf".
    Summary:
	no macro.
Unit <Displayer_MUSER_main> synthesized.

Synthesizing Unit <SSEG_DEC>.
    Related source file is "/home/phuwit/Programming/KMITL-DigitalSystemsFundamentals/Lab8/SSEG_DEC.vf".
    Summary:
	no macro.
Unit <SSEG_DEC> synthesized.

Synthesizing Unit <SSEG_A_MUSER_SSEG_DEC>.
    Related source file is "/home/phuwit/Programming/KMITL-DigitalSystemsFundamentals/Lab8/SSEG_DEC.vf".
    Set property "HU_SET = XLXI_3_9" for instance <XLXI_3>.
    Summary:
	no macro.
Unit <SSEG_A_MUSER_SSEG_DEC> synthesized.

Synthesizing Unit <OR6_HXILINX_SSEG_DEC>.
    Related source file is "/home/phuwit/Programming/KMITL-DigitalSystemsFundamentals/Lab8/SSEG_DEC.vf".
    Summary:
	no macro.
Unit <OR6_HXILINX_SSEG_DEC> synthesized.

Synthesizing Unit <SSEG_B_MUSER_SSEG_DEC>.
    Related source file is "/home/phuwit/Programming/KMITL-DigitalSystemsFundamentals/Lab8/SSEG_DEC.vf".
    Summary:
	no macro.
Unit <SSEG_B_MUSER_SSEG_DEC> synthesized.

Synthesizing Unit <SSEG_C_MUSER_SSEG_DEC>.
    Related source file is "/home/phuwit/Programming/KMITL-DigitalSystemsFundamentals/Lab8/SSEG_DEC.vf".
    Summary:
	no macro.
Unit <SSEG_C_MUSER_SSEG_DEC> synthesized.

Synthesizing Unit <SSEG_D_MUSER_SSEG_DEC>.
    Related source file is "/home/phuwit/Programming/KMITL-DigitalSystemsFundamentals/Lab8/SSEG_DEC.vf".
    Summary:
	no macro.
Unit <SSEG_D_MUSER_SSEG_DEC> synthesized.

Synthesizing Unit <SSEG_E_MUSER_SSEG_DEC>.
    Related source file is "/home/phuwit/Programming/KMITL-DigitalSystemsFundamentals/Lab8/SSEG_DEC.vf".
    Summary:
	no macro.
Unit <SSEG_E_MUSER_SSEG_DEC> synthesized.

Synthesizing Unit <SSEG_F_MUSER_SSEG_DEC>.
    Related source file is "/home/phuwit/Programming/KMITL-DigitalSystemsFundamentals/Lab8/SSEG_DEC.vf".
    Summary:
	no macro.
Unit <SSEG_F_MUSER_SSEG_DEC> synthesized.

Synthesizing Unit <SSEG_G_MUSER_SSEG_DEC>.
    Related source file is "/home/phuwit/Programming/KMITL-DigitalSystemsFundamentals/Lab8/SSEG_DEC.vf".
    Summary:
	no macro.
Unit <SSEG_G_MUSER_SSEG_DEC> synthesized.

Synthesizing Unit <Mux4_Bus4_1E_MUSER_main>.
    Related source file is "/home/phuwit/Programming/KMITL-DigitalSystemsFundamentals/Lab8/main.vf".
    Set property "HU_SET = XLXI_13_3" for instance <XLXI_13>.
    Set property "HU_SET = XLXI_14_4" for instance <XLXI_14>.
    Set property "HU_SET = XLXI_15_5" for instance <XLXI_15>.
    Set property "HU_SET = XLXI_16_6" for instance <XLXI_16>.
    Summary:
	no macro.
Unit <Mux4_Bus4_1E_MUSER_main> synthesized.

Synthesizing Unit <M4_1E_HXILINX_main>.
    Related source file is "/home/phuwit/Programming/KMITL-DigitalSystemsFundamentals/Lab8/main.vf".
    Found 1-bit 4-to-1 multiplexer for signal <S1_D3_Mux_0_o> created at line 74.
    Summary:
	inferred   2 Multiplexer(s).
Unit <M4_1E_HXILINX_main> synthesized.

Synthesizing Unit <Counter0_2_MUSER_main>.
    Related source file is "/home/phuwit/Programming/KMITL-DigitalSystemsFundamentals/Lab8/main.vf".
    Set property "HU_SET = XLXI_2_1" for instance <XLXI_2>.
    Set property "HU_SET = XLXI_3_2" for instance <XLXI_3>.
    Summary:
	no macro.
Unit <Counter0_2_MUSER_main> synthesized.

Synthesizing Unit <FJKC_HXILINX_main>.
    Related source file is "/home/phuwit/Programming/KMITL-DigitalSystemsFundamentals/Lab8/main.vf".
        INIT = 1'b0
    Found 1-bit register for signal <Q>.
    Summary:
	inferred   1 D-type flip-flop(s).
	inferred   2 Multiplexer(s).
Unit <FJKC_HXILINX_main> synthesized.

Synthesizing Unit <Counter0_9_MUSER_main>.
    Related source file is "/home/phuwit/Programming/KMITL-DigitalSystemsFundamentals/Lab8/main.vf".
    Set property "HU_SET = XLXI_27_0" for instance <XLXI_27>.
INFO:Xst:3210 - "/home/phuwit/Programming/KMITL-DigitalSystemsFundamentals/Lab8/main.vf" line 172: Output port <CEO> of the instance <XLXI_27> is unconnected or connected to loadless signal.
INFO:Xst:3210 - "/home/phuwit/Programming/KMITL-DigitalSystemsFundamentals/Lab8/main.vf" line 172: Output port <TC> of the instance <XLXI_27> is unconnected or connected to loadless signal.
    Summary:
	no macro.
Unit <Counter0_9_MUSER_main> synthesized.

Synthesizing Unit <CB4RE_HXILINX_main>.
    Related source file is "/home/phuwit/Programming/KMITL-DigitalSystemsFundamentals/Lab8/main.vf".
    Found 1-bit register for signal <Q1>.
    Found 1-bit register for signal <Q2>.
    Found 1-bit register for signal <Q3>.
    Found 1-bit register for signal <Q0>.
    Found 4-bit adder for signal <Q3_GND_34_o_add_1_OUT> created at line 148.
    Summary:
	inferred   1 Adder/Subtractor(s).
	inferred   4 D-type flip-flop(s).
Unit <CB4RE_HXILINX_main> synthesized.

Synthesizing Unit <COMP8_HXILINX_main>.
    Related source file is "/home/phuwit/Programming/KMITL-DigitalSystemsFundamentals/Lab8/main.vf".
    Found 8-bit comparator equal for signal <EQ> created at line 48
    Summary:
	inferred   1 Comparator(s).
Unit <COMP8_HXILINX_main> synthesized.

=========================================================================
HDL Synthesis Report

Macro Statistics
# Adders/Subtractors                                   : 5
 4-bit adder                                           : 3
 9-bit adder                                           : 2
# Registers                                            : 5
 1-bit register                                        : 2
 4-bit register                                        : 3
# Comparators                                          : 1
 8-bit comparator equal                                : 1
# Multiplexers                                         : 12
 1-bit 2-to-1 multiplexer                              : 8
 1-bit 4-to-1 multiplexer                              : 4

=========================================================================

=========================================================================
*                       Advanced HDL Synthesis                          *
=========================================================================


Synthesizing (advanced) Unit <CB4RE_HXILINX_main>.
The following registers are absorbed into counter <Q0_Q1_Q2_Q3>: 1 register on signal <Q0_Q1_Q2_Q3>.
Unit <CB4RE_HXILINX_main> synthesized (advanced).

=========================================================================
Advanced HDL Synthesis Report

Macro Statistics
# Adders/Subtractors                                   : 1
 9-bit adder carry in                                  : 1
# Counters                                             : 3
 4-bit up counter                                      : 3
# Registers                                            : 2
 Flip-Flops                                            : 2
# Comparators                                          : 1
 8-bit comparator equal                                : 1
# Multiplexers                                         : 12
 1-bit 2-to-1 multiplexer                              : 8
 1-bit 4-to-1 multiplexer                              : 4

=========================================================================

=========================================================================
*                         Low Level Synthesis                           *
=========================================================================

Optimizing unit <main> ...

Optimizing unit <Displayer_MUSER_main> ...

Optimizing unit <ADD8_HXILINX_main> ...

Optimizing unit <CB4RE_HXILINX_main> ...

Optimizing unit <FJKC_HXILINX_main> ...

Optimizing unit <M4_1E_HXILINX_main> ...

Optimizing unit <OR6_HXILINX_SSEG_DEC> ...

Optimizing unit <COMP8_HXILINX_main> ...

Mapping all equations...
Building and optimizing final netlist ...
Found area constraint ratio of 100 (+ 5) on block main, actual ratio is 0.

Final Macro Processing ...

=========================================================================
Final Register Report

Macro Statistics
# Registers                                            : 14
 Flip-Flops                                            : 14

=========================================================================

=========================================================================
*                           Partition Report                            *
=========================================================================

Partition Implementation Status
-------------------------------

  No Partitions were found in this design.

-------------------------------

=========================================================================
*                            Design Summary                             *
=========================================================================

Top Level Output File Name         : main.ngc

Primitive and Black Box Usage:
------------------------------
# BELS                             : 101
#      AND2                        : 5
#      AND2B1                      : 14
#      AND2B2                      : 6
#      AND3                        : 1
#      AND3B1                      : 6
#      AND3B2                      : 2
#      AND3B3                      : 2
#      AND4B2                      : 3
#      BUF                         : 6
#      GND                         : 1
#      INV                         : 3
#      LUT2                        : 10
#      LUT3                        : 4
#      LUT4                        : 6
#      LUT5                        : 4
#      LUT6                        : 5
#      MUXCY                       : 8
#      OR4                         : 1
#      OR5                         : 5
#      VCC                         : 1
#      XORCY                       : 8
# FlipFlops/Latches                : 14
#      FD                          : 12
#      FDC                         : 2
# Clock Buffers                    : 1
#      BUFGP                       : 1
# IO Buffers                       : 28
#      IBUF                        : 16
#      OBUF                        : 12
# Logical                          : 3
#      NAND2B1                     : 2
#      NAND2B2                     : 1

Device utilization summary:
---------------------------

Selected Device : 6slx9tqg144-3 


Slice Logic Utilization: 
 Number of Slice Registers:              14  out of  11440     0%  
 Number of Slice LUTs:                   32  out of   5720     0%  
    Number used as Logic:                32  out of   5720     0%  

Slice Logic Distribution: 
 Number of LUT Flip Flop pairs used:     46
   Number with an unused Flip Flop:      32  out of     46    69%  
   Number with an unused LUT:            14  out of     46    30%  
   Number of fully used LUT-FF pairs:     0  out of     46     0%  
   Number of unique control sets:         5

IO Utilization: 
 Number of IOs:                          29
 Number of bonded IOBs:                  29  out of    102    28%  

Specific Feature Utilization:
 Number of BUFG/BUFGCTRLs:                1  out of     16     6%  

---------------------------
Partition Resource Summary:
---------------------------

  No Partitions were found in this design.

---------------------------


=========================================================================
Timing Report

NOTE: THESE TIMING NUMBERS ARE ONLY A SYNTHESIS ESTIMATE.
      FOR ACCURATE TIMING INFORMATION PLEASE REFER TO THE TRACE REPORT
      GENERATED AFTER PLACE-and-ROUTE.

Clock Information:
------------------
-----------------------------------+--------------------------------------+-------+
Clock Signal                       | Clock buffer(FF name)                | Load  |
-----------------------------------+--------------------------------------+-------+
OSC                                | BUFGP                                | 4     |
XLXI_6/XLXN_26(XLXI_6/XLXI_28:O)   | NONE(*)(XLXI_7/XLXI_27/Q0_Q1_Q2_Q3_3)| 4     |
XLXI_7/XLXN_26(XLXI_7/XLXI_28:O)   | NONE(*)(XLXI_8/XLXI_27/Q0_Q1_Q2_Q3_3)| 4     |
XLXI_8/XLXN_26(XLXI_8/XLXI_28:O)   | NONE(*)(XLXI_5/XLXI_14/XLXI_2/Q)     | 2     |
-----------------------------------+--------------------------------------+-------+
(*) These 3 clock signal(s) are generated by combinatorial logic,
and XST is not able to identify which are the primary clock signals.
Please use the CLOCK_SIGNAL constraint to specify the clock signal(s) generated by combinatorial logic.
INFO:Xst:2169 - HDL ADVISOR - Some clock signals were not automatically buffered by XST with BUFG/BUFR resources. Please use the buffer_type constraint in order to insert these buffers to the clock signals to help prevent skew problems.

Asynchronous Control Signals Information:
----------------------------------------
No asynchronous control signals found in this design

Timing Summary:
---------------
Speed Grade: -3

   Minimum period: 2.751ns (Maximum Frequency: 363.504MHz)
   Minimum input arrival time before clock: No path found
   Maximum output required time after clock: 9.917ns
   Maximum combinational path delay: 10.513ns

Timing Details:
---------------
All values displayed in nanoseconds (ns)

=========================================================================
Timing constraint: Default period analysis for Clock 'OSC'
  Clock period: 2.751ns (frequency: 363.504MHz)
  Total number of paths / destination ports: 26 / 4
-------------------------------------------------------------------------
Delay:               2.751ns (Levels of Logic = 3)
  Source:            XLXI_6/XLXI_27/Q0_Q1_Q2_Q3_3 (FF)
  Destination:       XLXI_6/XLXI_27/Q0_Q1_Q2_Q3_3 (FF)
  Source Clock:      OSC rising
  Destination Clock: OSC rising

  Data Path: XLXI_6/XLXI_27/Q0_Q1_Q2_Q3_3 to XLXI_6/XLXI_27/Q0_Q1_Q2_Q3_3
                                Gate     Net
    Cell:in->out      fanout   Delay   Delay  Logical Name (Net Name)
    ----------------------------------------  ------------
     FD:C->Q               5   0.447   1.079  Q0_Q1_Q2_Q3_3 (Q0_Q1_Q2_Q3_3)
     end scope: 'XLXI_6/XLXI_27:Q0'
     AND4B2:I0->O          5   0.203   0.715  XLXI_6/XLXI_28 (XLXI_6/XLXN_26)
     begin scope: 'XLXI_6/XLXI_27:R'
     LUT3:I2->O            1   0.205   0.000  Q0_Q1_Q2_Q3_3_rstpot (Q0_Q1_Q2_Q3_3_rstpot)
     FD:D                      0.102          Q0_Q1_Q2_Q3_3
    ----------------------------------------
    Total                      2.751ns (0.957ns logic, 1.794ns route)
                                       (34.8% logic, 65.2% route)

=========================================================================
Timing constraint: Default period analysis for Clock 'XLXI_6/XLXN_26'
  Clock period: 2.751ns (frequency: 363.504MHz)
  Total number of paths / destination ports: 26 / 4
-------------------------------------------------------------------------
Delay:               2.751ns (Levels of Logic = 3)
  Source:            XLXI_7/XLXI_27/Q0_Q1_Q2_Q3_3 (FF)
  Destination:       XLXI_7/XLXI_27/Q0_Q1_Q2_Q3_3 (FF)
  Source Clock:      XLXI_6/XLXN_26 rising
  Destination Clock: XLXI_6/XLXN_26 rising

  Data Path: XLXI_7/XLXI_27/Q0_Q1_Q2_Q3_3 to XLXI_7/XLXI_27/Q0_Q1_Q2_Q3_3
                                Gate     Net
    Cell:in->out      fanout   Delay   Delay  Logical Name (Net Name)
    ----------------------------------------  ------------
     FD:C->Q               5   0.447   1.079  Q0_Q1_Q2_Q3_3 (Q0_Q1_Q2_Q3_3)
     end scope: 'XLXI_7/XLXI_27:Q0'
     AND4B2:I0->O          5   0.203   0.715  XLXI_7/XLXI_28 (XLXI_7/XLXN_26)
     begin scope: 'XLXI_7/XLXI_27:R'
     LUT3:I2->O            1   0.205   0.000  Q0_Q1_Q2_Q3_3_rstpot (Q0_Q1_Q2_Q3_3_rstpot)
     FD:D                      0.102          Q0_Q1_Q2_Q3_3
    ----------------------------------------
    Total                      2.751ns (0.957ns logic, 1.794ns route)
                                       (34.8% logic, 65.2% route)

=========================================================================
Timing constraint: Default period analysis for Clock 'XLXI_7/XLXN_26'
  Clock period: 2.751ns (frequency: 363.504MHz)
  Total number of paths / destination ports: 26 / 4
-------------------------------------------------------------------------
Delay:               2.751ns (Levels of Logic = 3)
  Source:            XLXI_8/XLXI_27/Q0_Q1_Q2_Q3_3 (FF)
  Destination:       XLXI_8/XLXI_27/Q0_Q1_Q2_Q3_3 (FF)
  Source Clock:      XLXI_7/XLXN_26 rising
  Destination Clock: XLXI_7/XLXN_26 rising

  Data Path: XLXI_8/XLXI_27/Q0_Q1_Q2_Q3_3 to XLXI_8/XLXI_27/Q0_Q1_Q2_Q3_3
                                Gate     Net
    Cell:in->out      fanout   Delay   Delay  Logical Name (Net Name)
    ----------------------------------------  ------------
     FD:C->Q               5   0.447   1.079  Q0_Q1_Q2_Q3_3 (Q0_Q1_Q2_Q3_3)
     end scope: 'XLXI_8/XLXI_27:Q0'
     AND4B2:I0->O          5   0.203   0.715  XLXI_8/XLXI_28 (XLXI_8/XLXN_26)
     begin scope: 'XLXI_8/XLXI_27:R'
     LUT3:I2->O            1   0.205   0.000  Q0_Q1_Q2_Q3_3_rstpot (Q0_Q1_Q2_Q3_3_rstpot)
     FD:D                      0.102          Q0_Q1_Q2_Q3_3
    ----------------------------------------
    Total                      2.751ns (0.957ns logic, 1.794ns route)
                                       (34.8% logic, 65.2% route)

=========================================================================
Timing constraint: Default period analysis for Clock 'XLXI_8/XLXN_26'
  Clock period: 2.552ns (frequency: 391.834MHz)
  Total number of paths / destination ports: 4 / 2
-------------------------------------------------------------------------
Delay:               2.552ns (Levels of Logic = 3)
  Source:            XLXI_5/XLXI_14/XLXI_2/Q (FF)
  Destination:       XLXI_5/XLXI_14/XLXI_3/Q (FF)
  Source Clock:      XLXI_8/XLXN_26 rising
  Destination Clock: XLXI_8/XLXN_26 rising

  Data Path: XLXI_5/XLXI_14/XLXI_2/Q to XLXI_5/XLXI_14/XLXI_3/Q
                                Gate     Net
    Cell:in->out      fanout   Delay   Delay  Logical Name (Net Name)
    ----------------------------------------  ------------
     FDC:C->Q              3   0.447   0.650  Q (Q)
     end scope: 'XLXI_5/XLXI_14/XLXI_2:Q'
     INV:I->O              1   0.568   0.580  XLXI_5/XLXI_14/XLXI_9 (XLXI_5/XLXI_14/XLXN_5)
     begin scope: 'XLXI_5/XLXI_14/XLXI_3:J'
     LUT2:I1->O            1   0.205   0.000  Mmux_Q_Q_MUX_7_o11 (Q_Q_MUX_7_o)
     FDC:D                     0.102          Q
    ----------------------------------------
    Total                      2.552ns (1.322ns logic, 1.230ns route)
                                       (51.8% logic, 48.2% route)

=========================================================================
Timing constraint: Default OFFSET OUT AFTER for Clock 'XLXI_8/XLXN_26'
  Total number of paths / destination ports: 168 / 10
-------------------------------------------------------------------------
Offset:              9.917ns (Levels of Logic = 8)
  Source:            XLXI_5/XLXI_14/XLXI_2/Q (FF)
  Destination:       SSD_SEG<0> (PAD)
  Source Clock:      XLXI_8/XLXN_26 rising

  Data Path: XLXI_5/XLXI_14/XLXI_2/Q to SSD_SEG<0>
                                Gate     Net
    Cell:in->out      fanout   Delay   Delay  Logical Name (Net Name)
    ----------------------------------------  ------------
     FDC:C->Q              3   0.447   0.650  Q (Q)
     end scope: 'XLXI_5/XLXI_14/XLXI_2:Q'
     BUF:I->O              7   0.568   1.021  XLXI_5/XLXI_14/XLXI_10 (XLXI_5/XLXN_17)
     begin scope: 'XLXI_5/XLXI_4/XLXI_16:S1'
     LUT4:I0->O           22   0.203   1.133  Mmux_O11 (O)
     end scope: 'XLXI_5/XLXI_4/XLXI_16:O'
     INV:I->O              1   0.568   0.944  XLXI_5/XLXI_1/XLXI_15/XLXI_9 (XLXI_5/XLXI_1/XLXI_15/XLXN_45)
     AND3:I0->O            1   0.203   0.827  XLXI_5/XLXI_1/XLXI_15/XLXI_7 (XLXI_5/XLXI_1/XLXI_15/XLXN_44)
     OR5:I2->O             1   0.203   0.579  XLXI_5/XLXI_1/XLXI_15/XLXI_8 (SSD_SEG_0_OBUF)
     OBUF:I->O                 2.571          SSD_SEG_0_OBUF (SSD_SEG<0>)
    ----------------------------------------
    Total                      9.917ns (4.763ns logic, 5.154ns route)
                                       (48.0% logic, 52.0% route)

=========================================================================
Timing constraint: Default path analysis
  Total number of paths / destination ports: 2632 / 8
-------------------------------------------------------------------------
Delay:               10.513ns (Levels of Logic = 17)
  Source:            SW<0> (PAD)
  Destination:       SSD_SEG<5> (PAD)

  Data Path: SW<0> to SSD_SEG<5>
                                Gate     Net
    Cell:in->out      fanout   Delay   Delay  Logical Name (Net Name)
    ----------------------------------------  ------------
     IBUF:I->O             1   1.222   0.684  SW_0_IBUF (SW_0_IBUF)
     begin scope: 'XLXI_3/XLXI_1:A<0>'
     LUT2:I0->O            1   0.203   0.000  Madd_n0010_Madd_lut<0> (Madd_n0010_Madd_lut<0>)
     MUXCY:S->O            1   0.172   0.000  Madd_n0010_Madd_cy<0> (Madd_n0010_Madd_cy<0>)
     MUXCY:CI->O           1   0.019   0.000  Madd_n0010_Madd_cy<1> (Madd_n0010_Madd_cy<1>)
     MUXCY:CI->O           1   0.019   0.000  Madd_n0010_Madd_cy<2> (Madd_n0010_Madd_cy<2>)
     MUXCY:CI->O           1   0.019   0.000  Madd_n0010_Madd_cy<3> (Madd_n0010_Madd_cy<3>)
     MUXCY:CI->O           1   0.019   0.000  Madd_n0010_Madd_cy<4> (Madd_n0010_Madd_cy<4>)
     MUXCY:CI->O           1   0.019   0.000  Madd_n0010_Madd_cy<5> (Madd_n0010_Madd_cy<5>)
     MUXCY:CI->O           1   0.019   0.000  Madd_n0010_Madd_cy<6> (Madd_n0010_Madd_cy<6>)
     MUXCY:CI->O           2   0.213   0.616  Madd_n0010_Madd_cy<7> (CO)
     end scope: 'XLXI_3/XLXI_1:CO'
     BUF:I->O              1   0.568   0.580  XLXI_5/XLXI_5 (XLXI_5/D2<0>)
     begin scope: 'XLXI_5/XLXI_4/XLXI_13:D2'
     LUT5:I4->O           19   0.205   1.416  Mmux_O11 (O)
     end scope: 'XLXI_5/XLXI_4/XLXI_13:O'
     AND3B1:I1->O          1   0.223   0.944  XLXI_5/XLXI_1/XLXI_10/XLXI_13 (XLXI_5/XLXI_1/XLXI_10/XLXN_5)
     OR5:I0->O             1   0.203   0.579  XLXI_5/XLXI_1/XLXI_10/XLXI_1 (SSD_SEG_5_OBUF)
     OBUF:I->O                 2.571          SSD_SEG_5_OBUF (SSD_SEG<5>)
    ----------------------------------------
    Total                     10.513ns (5.694ns logic, 4.819ns route)
                                       (54.2% logic, 45.8% route)

=========================================================================

Cross Clock Domains Report:
--------------------------

Clock to Setup on destination clock OSC
---------------+---------+---------+---------+---------+
               | Src:Rise| Src:Fall| Src:Rise| Src:Fall|
Source Clock   |Dest:Rise|Dest:Rise|Dest:Fall|Dest:Fall|
---------------+---------+---------+---------+---------+
OSC            |    2.751|         |         |         |
---------------+---------+---------+---------+---------+

Clock to Setup on destination clock XLXI_6/XLXN_26
---------------+---------+---------+---------+---------+
               | Src:Rise| Src:Fall| Src:Rise| Src:Fall|
Source Clock   |Dest:Rise|Dest:Rise|Dest:Fall|Dest:Fall|
---------------+---------+---------+---------+---------+
XLXI_6/XLXN_26 |    2.751|         |         |         |
---------------+---------+---------+---------+---------+

Clock to Setup on destination clock XLXI_7/XLXN_26
---------------+---------+---------+---------+---------+
               | Src:Rise| Src:Fall| Src:Rise| Src:Fall|
Source Clock   |Dest:Rise|Dest:Rise|Dest:Fall|Dest:Fall|
---------------+---------+---------+---------+---------+
XLXI_7/XLXN_26 |    2.751|         |         |         |
---------------+---------+---------+---------+---------+

Clock to Setup on destination clock XLXI_8/XLXN_26
---------------+---------+---------+---------+---------+
               | Src:Rise| Src:Fall| Src:Rise| Src:Fall|
Source Clock   |Dest:Rise|Dest:Rise|Dest:Fall|Dest:Fall|
---------------+---------+---------+---------+---------+
XLXI_8/XLXN_26 |    2.552|         |         |         |
---------------+---------+---------+---------+---------+

=========================================================================


Total REAL time to Xst completion: 2.00 secs
Total CPU time to Xst completion: 2.73 secs
 
--> 


Total memory usage is 370832 kilobytes

Number of errors   :    0 (   0 filtered)
Number of warnings :    1 (   0 filtered)
Number of infos    :    7 (   0 filtered)

