--------------------------------------------------------------------------------
Release 14.7 Trace  (lin64)
Copyright (c) 1995-2013 Xilinx, Inc.  All rights reserved.

/opt/Xilinx/14.7/ISE_DS/ISE/bin/lin64/unwrapped/trce -intstyle ise -v 3 -s 3 -n
3 -fastpaths -xml DecadeCounter.twx DecadeCounter.ncd -o DecadeCounter.twr
DecadeCounter.pcf -ucf Constraints.ucf

Design file:              DecadeCounter.ncd
Physical constraint file: DecadeCounter.pcf
Device,package,speed:     xc6slx9,tqg144,C,-3 (PRODUCTION 1.23 2013-10-13)
Report level:             verbose report

Environment Variable      Effect 
--------------------      ------ 
NONE                      No environment variables were set
--------------------------------------------------------------------------------

INFO:Timing:2698 - No timing constraints found, doing default enumeration.
INFO:Timing:3412 - To improve timing, see the Timing Closure User Guide (UG612).
INFO:Timing:2752 - To get complete path coverage, use the unconstrained paths 
   option. All paths that are not constrained will be reported in the 
   unconstrained paths section(s) of the report.
INFO:Timing:3339 - The clock-to-out numbers in this timing report are based on 
   a 50 Ohm transmission line loading model.  For the details of this model, 
   and for more information on accounting for different loading conditions, 
   please see the device datasheet.



Data Sheet report:
-----------------
All values displayed in nanoseconds (ns)

Clock BTN4 to Pad
------------+-----------------+------------+-----------------+------------+------------------+--------+
            |Max (slowest) clk|  Process   |Min (fastest) clk|  Process   |                  | Clock  |
Destination |  (edge) to PAD  |   Corner   |  (edge) to PAD  |   Corner   |Internal Clock(s) | Phase  |
------------+-----------------+------------+-----------------+------------+------------------+--------+
MN0<0>      |        10.116(R)|      SLOW  |         5.738(R)|      FAST  |BTN4_BUFGP        |   0.000|
MN0<1>      |         9.950(R)|      SLOW  |         5.610(R)|      FAST  |BTN4_BUFGP        |   0.000|
MN0<2>      |         9.993(R)|      SLOW  |         5.617(R)|      FAST  |BTN4_BUFGP        |   0.000|
MN0<3>      |        10.142(R)|      SLOW  |         5.705(R)|      FAST  |BTN4_BUFGP        |   0.000|
MN1<4>      |         9.938(R)|      SLOW  |         5.598(R)|      FAST  |BTN4_BUFGP        |   0.000|
MN1<5>      |        10.154(R)|      SLOW  |         5.714(R)|      FAST  |BTN4_BUFGP        |   0.000|
MN1<6>      |        10.093(R)|      SLOW  |         5.712(R)|      FAST  |BTN4_BUFGP        |   0.000|
MN1<7>      |         9.956(R)|      SLOW  |         5.613(R)|      FAST  |BTN4_BUFGP        |   0.000|
------------+-----------------+------------+-----------------+------------+------------------+--------+

Clock to Setup on destination clock BTN4
---------------+---------+---------+---------+---------+
               | Src:Rise| Src:Fall| Src:Rise| Src:Fall|
Source Clock   |Dest:Rise|Dest:Rise|Dest:Fall|Dest:Fall|
---------------+---------+---------+---------+---------+
BTN4           |    2.147|         |         |         |
---------------+---------+---------+---------+---------+


Analysis completed Sun Aug 25 23:37:32 2024 
--------------------------------------------------------------------------------

Trace Settings:
-------------------------
Trace Settings 

Peak Memory Usage: 369 MB



